Archive member included to satisfy reference by file (symbol)

C:/ST/STM32CubeIDE_1.17.0/STM32CubeIDE/plugins/com.st.stm32cube.ide.mcu.externaltools.gnu-tools-for-stm32.12.3.rel1.win32_1.1.0.202410251130/tools/bin/../lib/gcc/arm-none-eabi/12.3.1/../../../../arm-none-eabi/lib/thumb/v7-m/nofp\libc_nano.a(libc_a-exit.o)
                              C:/ST/STM32CubeIDE_1.17.0/STM32CubeIDE/plugins/com.st.stm32cube.ide.mcu.externaltools.gnu-tools-for-stm32.12.3.rel1.win32_1.1.0.202410251130/tools/bin/../lib/gcc/arm-none-eabi/12.3.1/../../../../arm-none-eabi/lib/thumb/v7-m/nofp/crt0.o (exit)
C:/ST/STM32CubeIDE_1.17.0/STM32CubeIDE/plugins/com.st.stm32cube.ide.mcu.externaltools.gnu-tools-for-stm32.12.3.rel1.win32_1.1.0.202410251130/tools/bin/../lib/gcc/arm-none-eabi/12.3.1/../../../../arm-none-eabi/lib/thumb/v7-m/nofp\libc_nano.a(libc_a-findfp.o)
                              C:/ST/STM32CubeIDE_1.17.0/STM32CubeIDE/plugins/com.st.stm32cube.ide.mcu.externaltools.gnu-tools-for-stm32.12.3.rel1.win32_1.1.0.202410251130/tools/bin/../lib/gcc/arm-none-eabi/12.3.1/../../../../arm-none-eabi/lib/thumb/v7-m/nofp\libc_nano.a(libc_a-exit.o) (__stdio_exit_handler)
C:/ST/STM32CubeIDE_1.17.0/STM32CubeIDE/plugins/com.st.stm32cube.ide.mcu.externaltools.gnu-tools-for-stm32.12.3.rel1.win32_1.1.0.202410251130/tools/bin/../lib/gcc/arm-none-eabi/12.3.1/../../../../arm-none-eabi/lib/thumb/v7-m/nofp\libc_nano.a(libc_a-fwalk.o)
                              C:/ST/STM32CubeIDE_1.17.0/STM32CubeIDE/plugins/com.st.stm32cube.ide.mcu.externaltools.gnu-tools-for-stm32.12.3.rel1.win32_1.1.0.202410251130/tools/bin/../lib/gcc/arm-none-eabi/12.3.1/../../../../arm-none-eabi/lib/thumb/v7-m/nofp\libc_nano.a(libc_a-findfp.o) (_fwalk_sglue)
C:/ST/STM32CubeIDE_1.17.0/STM32CubeIDE/plugins/com.st.stm32cube.ide.mcu.externaltools.gnu-tools-for-stm32.12.3.rel1.win32_1.1.0.202410251130/tools/bin/../lib/gcc/arm-none-eabi/12.3.1/../../../../arm-none-eabi/lib/thumb/v7-m/nofp\libc_nano.a(libc_a-sprintf.o)
                              ./Src/general_func.o (sprintf)
C:/ST/STM32CubeIDE_1.17.0/STM32CubeIDE/plugins/com.st.stm32cube.ide.mcu.externaltools.gnu-tools-for-stm32.12.3.rel1.win32_1.1.0.202410251130/tools/bin/../lib/gcc/arm-none-eabi/12.3.1/../../../../arm-none-eabi/lib/thumb/v7-m/nofp\libc_nano.a(libc_a-stdio.o)
                              C:/ST/STM32CubeIDE_1.17.0/STM32CubeIDE/plugins/com.st.stm32cube.ide.mcu.externaltools.gnu-tools-for-stm32.12.3.rel1.win32_1.1.0.202410251130/tools/bin/../lib/gcc/arm-none-eabi/12.3.1/../../../../arm-none-eabi/lib/thumb/v7-m/nofp\libc_nano.a(libc_a-findfp.o) (__sread)
C:/ST/STM32CubeIDE_1.17.0/STM32CubeIDE/plugins/com.st.stm32cube.ide.mcu.externaltools.gnu-tools-for-stm32.12.3.rel1.win32_1.1.0.202410251130/tools/bin/../lib/gcc/arm-none-eabi/12.3.1/../../../../arm-none-eabi/lib/thumb/v7-m/nofp\libc_nano.a(libc_a-memset.o)
                              C:/ST/STM32CubeIDE_1.17.0/STM32CubeIDE/plugins/com.st.stm32cube.ide.mcu.externaltools.gnu-tools-for-stm32.12.3.rel1.win32_1.1.0.202410251130/tools/bin/../lib/gcc/arm-none-eabi/12.3.1/../../../../arm-none-eabi/lib/thumb/v7-m/nofp/crt0.o (memset)
C:/ST/STM32CubeIDE_1.17.0/STM32CubeIDE/plugins/com.st.stm32cube.ide.mcu.externaltools.gnu-tools-for-stm32.12.3.rel1.win32_1.1.0.202410251130/tools/bin/../lib/gcc/arm-none-eabi/12.3.1/../../../../arm-none-eabi/lib/thumb/v7-m/nofp\libc_nano.a(libc_a-closer.o)
                              C:/ST/STM32CubeIDE_1.17.0/STM32CubeIDE/plugins/com.st.stm32cube.ide.mcu.externaltools.gnu-tools-for-stm32.12.3.rel1.win32_1.1.0.202410251130/tools/bin/../lib/gcc/arm-none-eabi/12.3.1/../../../../arm-none-eabi/lib/thumb/v7-m/nofp\libc_nano.a(libc_a-stdio.o) (_close_r)
C:/ST/STM32CubeIDE_1.17.0/STM32CubeIDE/plugins/com.st.stm32cube.ide.mcu.externaltools.gnu-tools-for-stm32.12.3.rel1.win32_1.1.0.202410251130/tools/bin/../lib/gcc/arm-none-eabi/12.3.1/../../../../arm-none-eabi/lib/thumb/v7-m/nofp\libc_nano.a(libc_a-reent.o)
                              C:/ST/STM32CubeIDE_1.17.0/STM32CubeIDE/plugins/com.st.stm32cube.ide.mcu.externaltools.gnu-tools-for-stm32.12.3.rel1.win32_1.1.0.202410251130/tools/bin/../lib/gcc/arm-none-eabi/12.3.1/../../../../arm-none-eabi/lib/thumb/v7-m/nofp\libc_nano.a(libc_a-closer.o) (errno)
C:/ST/STM32CubeIDE_1.17.0/STM32CubeIDE/plugins/com.st.stm32cube.ide.mcu.externaltools.gnu-tools-for-stm32.12.3.rel1.win32_1.1.0.202410251130/tools/bin/../lib/gcc/arm-none-eabi/12.3.1/../../../../arm-none-eabi/lib/thumb/v7-m/nofp\libc_nano.a(libc_a-impure.o)
                              C:/ST/STM32CubeIDE_1.17.0/STM32CubeIDE/plugins/com.st.stm32cube.ide.mcu.externaltools.gnu-tools-for-stm32.12.3.rel1.win32_1.1.0.202410251130/tools/bin/../lib/gcc/arm-none-eabi/12.3.1/../../../../arm-none-eabi/lib/thumb/v7-m/nofp\libc_nano.a(libc_a-sprintf.o) (_impure_ptr)
[...]
Memory Configuration

Name             Origin             Length             Attributes
RAM              0x20000000         0x00005000         xrw
FLASH            0x08000000         0x00010000         xr
*default*        0x00000000         0xffffffff

Linker script and memory map

LOAD C:/ST/STM32CubeIDE_1.17.0/STM32CubeIDE/plugins/com.st.stm32cube.ide.mcu.externaltools.gnu-tools-for-stm32.12.3.rel1.win32_1.1.0.202410251130/tools/bin/../lib/gcc/arm-none-eabi/12.3.1/thumb/v7-m/nofp/crti.o
LOAD C:/ST/STM32CubeIDE_1.17.0/STM32CubeIDE/plugins/com.st.stm32cube.ide.mcu.externaltools.gnu-tools-for-stm32.12.3.rel1.win32_1.1.0.202410251130/tools/bin/../lib/gcc/arm-none-eabi/12.3.1/thumb/v7-m/nofp/crtbegin.o
LOAD C:/ST/STM32CubeIDE_1.17.0/STM32CubeIDE/plugins/com.st.stm32cube.ide.mcu.externaltools.gnu-tools-for-stm32.12.3.rel1.win32_1.1.0.202410251130/tools/bin/../lib/gcc/arm-none-eabi/12.3.1/../../../../arm-none-eabi/lib/thumb/v7-m/nofp/crt0.o
LOAD ./Drivers/STM32F1xx_HAL_Driver/Src/stm32f1xx_hal.o
LOAD ./Drivers/STM32F1xx_HAL_Driver/Src/stm32f1xx_hal_cortex.o
LOAD ./Drivers/STM32F1xx_HAL_Driver/Src/stm32f1xx_hal_dma.o
LOAD ./Drivers/STM32F1xx_HAL_Driver/Src/stm32f1xx_hal_exti.o
LOAD ./Drivers/STM32F1xx_HAL_Driver/Src/stm32f1xx_hal_flash.o
LOAD ./Drivers/STM32F1xx_HAL_Driver/Src/stm32f1xx_hal_flash_ex.o
LOAD ./Drivers/STM32F1xx_HAL_Driver/Src/stm32f1xx_hal_gpio.o
LOAD ./Drivers/STM32F1xx_HAL_Driver/Src/stm32f1xx_hal_gpio_ex.o
LOAD ./Drivers/STM32F1xx_HAL_Driver/Src/stm32f1xx_hal_i2c.o
LOAD ./Drivers/STM32F1xx_HAL_Driver/Src/stm32f1xx_hal_pwr.o
LOAD ./Drivers/STM32F1xx_HAL_Driver/Src/stm32f1xx_hal_rcc.o
LOAD ./Drivers/STM32F1xx_HAL_Driver/Src/stm32f1xx_hal_rcc_ex.o
LOAD ./Drivers/STM32F1xx_HAL_Driver/Src/stm32f1xx_hal_spi.o
LOAD ./Drivers/STM32F1xx_HAL_Driver/Src/stm32f1xx_hal_tim.o
LOAD ./Drivers/STM32F1xx_HAL_Driver/Src/stm32f1xx_hal_tim_ex.o
LOAD ./Drivers/STM32F1xx_HAL_Driver/Src/stm32f1xx_hal_uart.o
LOAD ./Src/epaper.o
LOAD ./Src/general_func.o
LOAD ./Src/kalman.o
LOAD ./Src/main.o
LOAD ./Src/spl06.o
LOAD ./Src/stm32f1xx_hal_msp.o
LOAD ./Src/stm32f1xx_it.o
LOAD ./Src/syscalls.o
LOAD ./Src/sysmem.o
LOAD ./Src/system_stm32f1xx.o
LOAD ./Src/vector_fonts.o
LOAD ./Startup/startup_stm32f103c8tx.o
START GROUP
LOAD C:/ST/STM32CubeIDE_1.17.0/STM32CubeIDE/plugins/com.st.stm32cube.ide.mcu.externaltools.gnu-tools-for-stm32.12.3.rel1.win32_1.1.0.202410251130/tools/bin/../lib/gcc/arm-none-eabi/12.3.1/../../../../arm-none-eabi/lib/thumb/v7-m/nofp\libc_nano.a
LOAD C:/ST/STM32CubeIDE_1.17.0/STM32CubeIDE/plugins/com.st.stm32cube.ide.mcu.externaltools.gnu-tools-for-stm32.12.3.rel1.win32_1.1.0.202410251130/tools/bin/../lib/gcc/arm-none-eabi/12.3.1/../../../../arm-none-eabi/lib/thumb/v7-m/nofp\libm.a
END GROUP
START GROUP
LOAD C:/ST/STM32CubeIDE_1.17.0/STM32CubeIDE/plugins/com.st.stm32cube.ide.mcu.externaltools.gnu-tools-for-stm32.12.3.rel1.win32_1.1.0.202410251130/tools/bin/../lib/gcc/arm-none-eabi/12.3.1/thumb/v7-m/nofp\libgcc.a
LOAD C:/ST/STM32CubeIDE_1.17.0/STM32CubeIDE/plugins/com.st.stm32cube.ide.mcu.externaltools.gnu-tools-for-stm32.12.3.rel1.win32_1.1.0.202410251130/tools/bin/../lib/gcc/arm-none-eabi/12.3.1/../../../../arm-none-eabi/lib/thumb/v7-m/nofp\libc_nano.a
END GROUP
START GROUP
LOAD C:/ST/STM32CubeIDE_1.17.0/STM32CubeIDE/plugins/com.st.stm32cube.ide.mcu.externaltools.gnu-tools-for-stm32.12.3.rel1.win32_1.1.0.202410251130/tools/bin/../lib/gcc/arm-none-eabi/12.3.1/thumb/v7-m/nofp\libgcc.a
LOAD C:/ST/STM32CubeIDE_1.17.0/STM32CubeIDE/plugins/com.st.stm32cube.ide.mcu.externaltools.gnu-tools-for-stm32.12.3.rel1.win32_1.1.0.202410251130/tools/bin/../lib/gcc/arm-none-eabi/12.3.1/../../../../arm-none-eabi/lib/thumb/v7-m/nofp\libc_nano.a
LOAD C:/ST/STM32CubeIDE_1.17.0/STM32CubeIDE/plugins/com.st.stm32cube.ide.mcu.externaltools.gnu-tools-for-stm32.12.3.rel1.win32_1.1.0.202410251130/tools/bin/../lib/gcc/arm-none-eabi/12.3.1/../../../../arm-none-eabi/lib/thumb/v7-m/nofp\libnosys.a
END GROUP
START GROUP
LOAD C:/ST/STM32CubeIDE_1.17.0/STM32CubeIDE/plugins/com.st.stm32cube.ide.mcu.externaltools.gnu-tools-for-stm32.12.3.rel1.win32_1.1.0.202410251130/tools/bin/../lib/gcc/arm-none-eabi/12.3.1/thumb/v7-m/nofp\libgcc.a
LOAD C:/ST/STM32CubeIDE_1.17.0/STM32CubeIDE/plugins/com.st.stm32cube.ide.mcu.externaltools.gnu-tools-for-stm32.12.3.rel1.win32_1.1.0.202410251130/tools/bin/../lib/gcc/arm-none-eabi/12.3.1/../../../../arm-none-eabi/lib/thumb/v7-m/nofp\libc_nano.a
LOAD C:/ST/STM32CubeIDE_1.17.0/STM32CubeIDE/plugins/com.st.stm32cube.ide.mcu.externaltools.gnu-tools-for-stm32.12.3.rel1.win32_1.1.0.202410251130/tools/bin/../lib/gcc/arm-none-eabi/12.3.1/../../../../arm-none-eabi/lib/thumb/v7-m/nofp\libnosys.a
END GROUP
LOAD C:/ST/STM32CubeIDE_1.17.0/STM32CubeIDE/plugins/com.st.stm32cube.ide.mcu.externaltools.gnu-tools-for-stm32.12.3.rel1.win32_1.1.0.202410251130/tools/bin/../lib/gcc/arm-none-eabi/12.3.1/thumb/v7-m/nofp/crtend.o
LOAD C:/ST/STM32CubeIDE_1.17.0/STM32CubeIDE/plugins/com.st.stm32cube.ide.mcu.externaltools.gnu-tools-for-stm32.12.3.rel1.win32_1.1.0.202410251130/tools/bin/../lib/gcc/arm-none-eabi/12.3.1/thumb/v7-m/nofp/crtn.o
                0x20005000                        _estack = (ORIGIN (RAM) + LENGTH (RAM))
                0x00000200                        _Min_Heap_Size = 0x200
                0x00000400                        _Min_Stack_Size = 0x400

.isr_vector     0x08000000      0x10c
                0x08000000                        . = ALIGN (0x4)
 *(.isr_vector)
 .isr_vector    0x08000000      0x10c ./Startup/startup_stm32f103c8tx.o
                0x08000000                g_pfnVectors
                0x0800010c                        . = ALIGN (0x4)

.text           0x08000110     0x9708
                0x08000110                        . = ALIGN (0x4)
 *(.text)
 .text          0x08000110       0x40 C:/ST/STM32CubeIDE_1.17.0/STM32CubeIDE/plugins/com.st.stm32cube.ide.mcu.externaltools.gnu-tools-for-stm32.12.3.rel1.win32_1.1.0.202410251130/tools/bin/../lib/gcc/arm-none-eabi/12.3.1/thumb/v7-m/nofp/crtbegin.o
 .text          0x08000150      0x378 C:/ST/STM32CubeIDE_1.17.0/STM32CubeIDE/plugins/com.st.stm32cube.ide.mcu.externaltools.gnu-tools-for-stm32.12.3.rel1.win32_1.1.0.202410251130/tools/bin/../lib/gcc/arm-none-eabi/12.3.1/thumb/v7-m/nofp\libgcc.a(_arm_addsubdf3.o)
                0x08000150                __aeabi_drsub
                0x08000158                __aeabi_dsub
                0x08000158                __subdf3
                0x0800015c                __aeabi_dadd
                0x0800015c                __adddf3
                0x080003d4                __floatunsidf
                0x080003d4                __aeabi_ui2d
                0x080003f4                __floatsidf
                0x080003f4                __aeabi_i2d
                0x08000418                __aeabi_f2d
                0x08000418                __extendsfdf2
                0x0800045c                __floatundidf
                0x0800045c                __aeabi_ul2d
                0x0800046c                __floatdidf
                0x0800046c                __aeabi_l2d
 .text          0x080004c8      0x424 C:/ST/STM32CubeIDE_1.17.0/STM32CubeIDE/plugins/com.st.stm32cube.ide.mcu.externaltools.gnu-tools-for-stm32.12.3.rel1.win32_1.1.0.202410251130/tools/bin/../lib/gcc/arm-none-eabi/12.3.1/thumb/v7-m/nofp\libgcc.a(_arm_muldivdf3.o)
                0x080004c8                __aeabi_dmul
                0x080004c8                __muldf3
                0x0800071c                __divdf3
                0x0800071c                __aeabi_ddiv
 .text          0x080008ec       0x50 C:/ST/STM32CubeIDE_1.17.0/STM32CubeIDE/plugins/com.st.stm32cube.ide.mcu.externaltools.gnu-tools-for-stm32.12.3.rel1.win32_1.1.0.202410251130/tools/bin/../lib/gcc/arm-none-eabi/12.3.1/thumb/v7-m/nofp\libgcc.a(_arm_fixdfsi.o)
                0x080008ec                __aeabi_d2iz
                0x080008ec                __fixdfsi
 .text          0x0800093c       0x40 C:/ST/STM32CubeIDE_1.17.0/STM32CubeIDE/plugins/com.st.stm32cube.ide.mcu.externaltools.gnu-tools-for-stm32.12.3.rel1.win32_1.1.0.202410251130/tools/bin/../lib/gcc/arm-none-eabi/12.3.1/thumb/v7-m/nofp\libgcc.a(_arm_fixunsdfsi.o)
                0x0800093c                __aeabi_d2uiz
                0x0800093c                __fixunsdfsi
 .text          0x0800097c       0xa0 C:/ST/STM32CubeIDE_1.17.0/STM32CubeIDE/plugins/com.st.stm32cube.ide.mcu.externaltools.gnu-tools-for-stm32.12.3.rel1.win32_1.1.0.202410251130/tools/bin/../lib/gcc/arm-none-eabi/12.3.1/thumb/v7-m/nofp\libgcc.a(_arm_truncdfsf2.o)
                0x0800097c                __truncdfsf2
                0x0800097c                __aeabi_d2f
 .text          0x08000a1c      0x21c C:/ST/STM32CubeIDE_1.17.0/STM32CubeIDE/plugins/com.st.stm32cube.ide.mcu.externaltools.gnu-tools-for-stm32.12.3.rel1.win32_1.1.0.202410251130/tools/bin/../lib/gcc/arm-none-eabi/12.3.1/thumb/v7-m/nofp\libgcc.a(_arm_addsubsf3.o)
                0x08000a1c                __aeabi_frsub
                0x08000a24                __subsf3
                0x08000a24                __aeabi_fsub
                0x08000a28                __aeabi_fadd
                0x08000a28                __addsf3
                0x08000b88                __aeabi_ui2f
                0x08000b88                __floatunsisf
                0x08000b90                __aeabi_i2f
                0x08000b90                __floatsisf
                0x08000bac                __aeabi_ul2f
                0x08000bac                __floatundisf
                0x08000bbc                __aeabi_l2f
                0x08000bbc                __floatdisf
 .text          0x08000c38      0x2a0 C:/ST/STM32CubeIDE_1.17.0/STM32CubeIDE/plugins/com.st.stm32cube.ide.mcu.externaltools.gnu-tools-for-stm32.12.3.rel1.win32_1.1.0.202410251130/tools/bin/../lib/gcc/arm-none-eabi/12.3.1/thumb/v7-m/nofp\libgcc.a(_arm_muldivsf3.o)
                0x08000c38                __mulsf3
                0x08000c38                __aeabi_fmul
                0x08000da0                __aeabi_fdiv
                0x08000da0                __divsf3
 .text          0x08000ed8       0xec C:/ST/STM32CubeIDE_1.17.0/STM32CubeIDE/plugins/com.st.stm32cube.ide.mcu.externaltools.gnu-tools-for-stm32.12.3.rel1.win32_1.1.0.202410251130/tools/bin/../lib/gcc/arm-none-eabi/12.3.1/thumb/v7-m/nofp\libgcc.a(_arm_cmpsf2.o)
                0x08000ed8                __gesf2
                0x08000ed8                __gtsf2
                0x08000ee0                __lesf2
                0x08000ee0                __ltsf2
                0x08000ee8                __nesf2
                0x08000ee8                __eqsf2
                0x08000ee8                __cmpsf2
                0x08000f48                __aeabi_cfrcmple
                0x08000f50                __aeabi_cfcmpeq
                0x08000f50                __aeabi_cfcmple
                0x08000f60                __aeabi_fcmpeq
                0x08000f74                __aeabi_fcmplt
                0x08000f88                __aeabi_fcmple
                0x08000f9c                __aeabi_fcmpge
                0x08000fb0                __aeabi_fcmpgt
 .text          0x08000fc4       0x2c C:/ST/STM32CubeIDE_1.17.0/STM32CubeIDE/plugins/com.st.stm32cube.ide.mcu.externaltools.gnu-tools-for-stm32.12.3.rel1.win32_1.1.0.202410251130/tools/bin/../lib/gcc/arm-none-eabi/12.3.1/thumb/v7-m/nofp\libgcc.a(_arm_unordsf2.o)
                0x08000fc4                __unordsf2
                0x08000fc4                __aeabi_fcmpun
 .text          0x08000ff0       0x4c C:/ST/STM32CubeIDE_1.17.0/STM32CubeIDE/plugins/com.st.stm32cube.ide.mcu.externaltools.gnu-tools-for-stm32.12.3.rel1.win32_1.1.0.202410251130/tools/bin/../lib/gcc/arm-none-eabi/12.3.1/thumb/v7-m/nofp\libgcc.a(_arm_fixsfsi.o)
                0x08000ff0                __aeabi_f2iz
                0x08000ff0                __fixsfsi
 .text          0x0800103c       0x40 C:/ST/STM32CubeIDE_1.17.0/STM32CubeIDE/plugins/com.st.stm32cube.ide.mcu.externaltools.gnu-tools-for-stm32.12.3.rel1.win32_1.1.0.202410251130/tools/bin/../lib/gcc/arm-none-eabi/12.3.1/thumb/v7-m/nofp\libgcc.a(_arm_fixunssfsi.o)
                0x0800103c                __fixunssfsi
                0x0800103c                __aeabi_f2uiz
 *(.text*)
 .text.HAL_Init
                0x0800107c       0x2c ./Drivers/STM32F1xx_HAL_Driver/Src/stm32f1xx_hal.o
                0x0800107c                HAL_Init
 .text.HAL_InitTick
                0x080010a8       0x60 ./Drivers/STM32F1xx_HAL_Driver/Src/stm32f1xx_hal.o
                0x080010a8                HAL_InitTick
 .text.HAL_IncTick
                0x08001108       0x24 ./Drivers/STM32F1xx_HAL_Driver/Src/stm32f1xx_hal.o
                0x08001108                HAL_IncTick
 .text.HAL_GetTick
                0x0800112c       0x14 ./Drivers/STM32F1xx_HAL_Driver/Src/stm32f1xx_hal.o
                0x0800112c                HAL_GetTick
 .text.HAL_Delay
                0x08001140       0x48 ./Drivers/STM32F1xx_HAL_Driver/Src/stm32f1xx_hal.o
                0x08001140                HAL_Delay
 .text.__NVIC_SetPriorityGrouping
                0x08001188       0x48 ./Drivers/STM32F1xx_HAL_Driver/Src/stm32f1xx_hal_cortex.o
 .text.__NVIC_GetPriorityGrouping
                0x080011d0       0x1c ./Drivers/STM32F1xx_HAL_Driver/Src/stm32f1xx_hal_cortex.o
 .text.__NVIC_EnableIRQ
                0x080011ec       0x38 ./Drivers/STM32F1xx_HAL_Driver/Src/stm32f1xx_hal_cortex.o
 .text.__NVIC_SetPriority
                0x08001224       0x54 ./Drivers/STM32F1xx_HAL_Driver/Src/stm32f1xx_hal_cortex.o
 .text.NVIC_EncodePriority
                0x08001278       0x64 ./Drivers/STM32F1xx_HAL_Driver/Src/stm32f1xx_hal_cortex.o
 .text.SysTick_Config
                0x080012dc       0x44 ./Drivers/STM32F1xx_HAL_Driver/Src/stm32f1xx_hal_cortex.o
 .text.HAL_NVIC_SetPriorityGrouping
                0x08001320       0x16 ./Drivers/STM32F1xx_HAL_Driver/Src/stm32f1xx_hal_cortex.o
                0x08001320                HAL_NVIC_SetPriorityGrouping
 .text.HAL_NVIC_SetPriority
                0x08001336       0x38 ./Drivers/STM32F1xx_HAL_Driver/Src/stm32f1xx_hal_cortex.o
                0x08001336                HAL_NVIC_SetPriority
 .text.HAL_NVIC_EnableIRQ
                0x0800136e       0x1c ./Drivers/STM32F1xx_HAL_Driver/Src/stm32f1xx_hal_cortex.o
                0x0800136e                HAL_NVIC_EnableIRQ
 .text.HAL_SYSTICK_Config
                0x0800138a       0x18 ./Drivers/STM32F1xx_HAL_Driver/Src/stm32f1xx_hal_cortex.o
                0x0800138a                HAL_SYSTICK_Config
 *fill*         0x080013a2        0x2 
 .text.HAL_DMA_Init
                0x080013a4       0xb4 ./Drivers/STM32F1xx_HAL_Driver/Src/stm32f1xx_hal_dma.o
                0x080013a4                HAL_DMA_Init
 .text.HAL_DMA_Start_IT
                0x08001458       0xc0 ./Drivers/STM32F1xx_HAL_Driver/Src/stm32f1xx_hal_dma.o
                0x08001458                HAL_DMA_Start_IT
 .text.HAL_DMA_IRQHandler
                0x08001518      0x20c ./Drivers/STM32F1xx_HAL_Driver/Src/stm32f1xx_hal_dma.o
                0x08001518                HAL_DMA_IRQHandler
 .text.DMA_SetConfig
                0x08001724       0x5a ./Drivers/STM32F1xx_HAL_Driver/Src/stm32f1xx_hal_dma.o
 *fill*         0x0800177e        0x2 
 .text.HAL_GPIO_Init
                0x08001780      0x308 ./Drivers/STM32F1xx_HAL_Driver/Src/stm32f1xx_hal_gpio.o
                0x08001780                HAL_GPIO_Init
 .text.HAL_GPIO_ReadPin
                0x08001a88       0x2e ./Drivers/STM32F1xx_HAL_Driver/Src/stm32f1xx_hal_gpio.o
                0x08001a88                HAL_GPIO_ReadPin
 .text.HAL_GPIO_WritePin
                0x08001ab6       0x30 ./Drivers/STM32F1xx_HAL_Driver/Src/stm32f1xx_hal_gpio.o
                0x08001ab6                HAL_GPIO_WritePin
 *fill*         0x08001ae6        0x2 
 .text.HAL_GPIO_EXTI_IRQHandler
                0x08001ae8       0x30 ./Drivers/STM32F1xx_HAL_Driver/Src/stm32f1xx_hal_gpio.o
                0x08001ae8                HAL_GPIO_EXTI_IRQHandler
 .text.HAL_I2C_Init
                0x08001b18      0x288 ./Drivers/STM32F1xx_HAL_Driver/Src/stm32f1xx_hal_i2c.o
                0x08001b18                HAL_I2C_Init
 .text.HAL_I2C_Master_Transmit
                0x08001da0      0x1fc ./Drivers/STM32F1xx_HAL_Driver/Src/stm32f1xx_hal_i2c.o
                0x08001da0                HAL_I2C_Master_Transmit
 .text.HAL_I2C_Master_Receive
                0x08001f9c      0x4d8 ./Drivers/STM32F1xx_HAL_Driver/Src/stm32f1xx_hal_i2c.o
                0x08001f9c                HAL_I2C_Master_Receive
 .text.I2C_MasterRequestWrite
                0x08002474      0x104 ./Drivers/STM32F1xx_HAL_Driver/Src/stm32f1xx_hal_i2c.o
 .text.I2C_MasterRequestRead
                0x08002578      0x19c ./Drivers/STM32F1xx_HAL_Driver/Src/stm32f1xx_hal_i2c.o
 .text.I2C_WaitOnFlagUntilTimeout
                0x08002714       0xf4 ./Drivers/STM32F1xx_HAL_Driver/Src/stm32f1xx_hal_i2c.o
 .text.I2C_WaitOnMasterAddressFlagUntilTimeout
                0x08002808      0x140 ./Drivers/STM32F1xx_HAL_Driver/Src/stm32f1xx_hal_i2c.o
 .text.I2C_WaitOnTXEFlagUntilTimeout
                0x08002948       0x90 ./Drivers/STM32F1xx_HAL_Driver/Src/stm32f1xx_hal_i2c.o
 .text.I2C_WaitOnBTFFlagUntilTimeout
                0x080029d8       0x90 ./Drivers/STM32F1xx_HAL_Driver/Src/stm32f1xx_hal_i2c.o
 .text.I2C_WaitOnRXNEFlagUntilTimeout
                0x08002a68       0xba ./Drivers/STM32F1xx_HAL_Driver/Src/stm32f1xx_hal_i2c.o
 .text.I2C_IsAcknowledgeFailed
                0x08002b22       0x5c ./Drivers/STM32F1xx_HAL_Driver/Src/stm32f1xx_hal_i2c.o
 *fill*         0x08002b7e        0x2 
 .text.HAL_RCC_OscConfig
                0x08002b80      0x504 ./Drivers/STM32F1xx_HAL_Driver/Src/stm32f1xx_hal_rcc.o
                0x08002b80                HAL_RCC_OscConfig
 .text.HAL_RCC_ClockConfig
                0x08003084      0x1d4 ./Drivers/STM32F1xx_HAL_Driver/Src/stm32f1xx_hal_rcc.o
                0x08003084                HAL_RCC_ClockConfig
 .text.HAL_RCC_GetSysClockFreq
                0x08003258       0xa8 ./Drivers/STM32F1xx_HAL_Driver/Src/stm32f1xx_hal_rcc.o
                0x08003258                HAL_RCC_GetSysClockFreq
 .text.HAL_RCC_GetHCLKFreq
                0x08003300       0x14 ./Drivers/STM32F1xx_HAL_Driver/Src/stm32f1xx_hal_rcc.o
                0x08003300                HAL_RCC_GetHCLKFreq
 .text.HAL_RCC_GetPCLK1Freq
                0x08003314       0x28 ./Drivers/STM32F1xx_HAL_Driver/Src/stm32f1xx_hal_rcc.o
                0x08003314                HAL_RCC_GetPCLK1Freq
 .text.HAL_RCC_GetPCLK2Freq
                0x0800333c       0x28 ./Drivers/STM32F1xx_HAL_Driver/Src/stm32f1xx_hal_rcc.o
                0x0800333c                HAL_RCC_GetPCLK2Freq
 .text.RCC_Delay
                0x08003364       0x3c ./Drivers/STM32F1xx_HAL_Driver/Src/stm32f1xx_hal_rcc.o
 .text.HAL_SPI_Init
                0x080033a0      0x108 ./Drivers/STM32F1xx_HAL_Driver/Src/stm32f1xx_hal_spi.o
                0x080033a0                HAL_SPI_Init
 .text.HAL_SPI_Transmit_DMA
                0x080034a8      0x164 ./Drivers/STM32F1xx_HAL_Driver/Src/stm32f1xx_hal_spi.o
                0x080034a8                HAL_SPI_Transmit_DMA
 .text.HAL_SPI_TxHalfCpltCallback
                0x0800360c       0x12 ./Drivers/STM32F1xx_HAL_Driver/Src/stm32f1xx_hal_spi.o
                0x0800360c                HAL_SPI_TxHalfCpltCallback
 .text.HAL_SPI_ErrorCallback
                0x0800361e       0x12 ./Drivers/STM32F1xx_HAL_Driver/Src/stm32f1xx_hal_spi.o
                0x0800361e                HAL_SPI_ErrorCallback
 .text.SPI_DMATransmitCplt
                0x08003630       0xa6 ./Drivers/STM32F1xx_HAL_Driver/Src/stm32f1xx_hal_spi.o
 .text.SPI_DMAHalfTransmitCplt
                0x080036d6       0x1c ./Drivers/STM32F1xx_HAL_Driver/Src/stm32f1xx_hal_spi.o
 .text.SPI_DMAError
                0x080036f2       0x40 ./Drivers/STM32F1xx_HAL_Driver/Src/stm32f1xx_hal_spi.o
 *fill*         0x08003732        0x2 
 .text.SPI_WaitFlagStateUntilTimeout
                0x08003734      0x110 ./Drivers/STM32F1xx_HAL_Driver/Src/stm32f1xx_hal_spi.o
 .text.SPI_EndRxTxTransaction
                0x08003844       0x62 ./Drivers/STM32F1xx_HAL_Driver/Src/stm32f1xx_hal_spi.o
 .text.HAL_TIM_Base_Init
                0x080038a6       0x9e ./Drivers/STM32F1xx_HAL_Driver/Src/stm32f1xx_hal_tim.o
                0x080038a6                HAL_TIM_Base_Init
 .text.HAL_TIM_PWM_Init
                0x08003944       0x9e ./Drivers/STM32F1xx_HAL_Driver/Src/stm32f1xx_hal_tim.o
                0x08003944                HAL_TIM_PWM_Init
 .text.HAL_TIM_PWM_MspInit
                0x080039e2       0x12 ./Drivers/STM32F1xx_HAL_Driver/Src/stm32f1xx_hal_tim.o
                0x080039e2                HAL_TIM_PWM_MspInit
 .text.HAL_TIM_PWM_Start
                0x080039f4      0x144 ./Drivers/STM32F1xx_HAL_Driver/Src/stm32f1xx_hal_tim.o
                0x080039f4                HAL_TIM_PWM_Start
 .text.HAL_TIM_PWM_Stop
                0x08003b38       0xc8 ./Drivers/STM32F1xx_HAL_Driver/Src/stm32f1xx_hal_tim.o
                0x08003b38                HAL_TIM_PWM_Stop
 .text.HAL_TIM_PWM_ConfigChannel
                0x08003c00      0x184 ./Drivers/STM32F1xx_HAL_Driver/Src/stm32f1xx_hal_tim.o
                0x08003c00                HAL_TIM_PWM_ConfigChannel
 .text.HAL_TIM_ConfigClockSource
                0x08003d84      0x18e ./Drivers/STM32F1xx_HAL_Driver/Src/stm32f1xx_hal_tim.o
                0x08003d84                HAL_TIM_ConfigClockSource
 *fill*         0x08003f12        0x2 
 .text.TIM_Base_SetConfig
                0x08003f14       0xdc ./Drivers/STM32F1xx_HAL_Driver/Src/stm32f1xx_hal_tim.o
                0x08003f14                TIM_Base_SetConfig
 .text.TIM_OC1_SetConfig
                0x08003ff0       0xcc ./Drivers/STM32F1xx_HAL_Driver/Src/stm32f1xx_hal_tim.o
 .text.TIM_OC2_SetConfig
                0x080040bc       0xd4 ./Drivers/STM32F1xx_HAL_Driver/Src/stm32f1xx_hal_tim.o
                0x080040bc                TIM_OC2_SetConfig
 .text.TIM_OC3_SetConfig
                0x08004190       0xd4 ./Drivers/STM32F1xx_HAL_Driver/Src/stm32f1xx_hal_tim.o
 .text.TIM_OC4_SetConfig
                0x08004264       0x9c ./Drivers/STM32F1xx_HAL_Driver/Src/stm32f1xx_hal_tim.o
 .text.TIM_TI1_ConfigInputStage
                0x08004300       0x5c ./Drivers/STM32F1xx_HAL_Driver/Src/stm32f1xx_hal_tim.o
 .text.TIM_TI2_ConfigInputStage
                0x0800435c       0x5e ./Drivers/STM32F1xx_HAL_Driver/Src/stm32f1xx_hal_tim.o
 .text.TIM_ITRx_SetConfig
                0x080043ba       0x34 ./Drivers/STM32F1xx_HAL_Driver/Src/stm32f1xx_hal_tim.o
 .text.TIM_ETR_SetConfig
                0x080043ee       0x3e ./Drivers/STM32F1xx_HAL_Driver/Src/stm32f1xx_hal_tim.o
                0x080043ee                TIM_ETR_SetConfig
 .text.TIM_CCxChannelCmd
                0x0800442c       0x48 ./Drivers/STM32F1xx_HAL_Driver/Src/stm32f1xx_hal_tim.o
                0x0800442c                TIM_CCxChannelCmd
 .text.HAL_TIMEx_MasterConfigSynchronization
                0x08004474       0xbc ./Drivers/STM32F1xx_HAL_Driver/Src/stm32f1xx_hal_tim_ex.o
                0x08004474                HAL_TIMEx_MasterConfigSynchronization
 .text.HAL_TIMEx_ConfigBreakDeadTime
                0x08004530       0xa2 ./Drivers/STM32F1xx_HAL_Driver/Src/stm32f1xx_hal_tim_ex.o
                0x08004530                HAL_TIMEx_ConfigBreakDeadTime
 .text.HAL_UART_Init
                0x080045d2       0xa0 ./Drivers/STM32F1xx_HAL_Driver/Src/stm32f1xx_hal_uart.o
                0x080045d2                HAL_UART_Init
 *fill*         0x08004672        0x2 
 .text.UART_SetConfig
                0x08004674      0x11c ./Drivers/STM32F1xx_HAL_Driver/Src/stm32f1xx_hal_uart.o
 .text.epd_delay
                0x08004790       0x1a ./Src/epaper.o
                0x08004790                epd_delay
 *fill*         0x080047aa        0x2 
 .text.epd_res_set
                0x080047ac       0x18 ./Src/epaper.o
                0x080047ac                epd_res_set
 .text.epd_res_reset
                0x080047c4       0x18 ./Src/epaper.o
                0x080047c4                epd_res_reset
 .text.epd_dc_set
                0x080047dc       0x18 ./Src/epaper.o
                0x080047dc                epd_dc_set
 .text.epd_dc_reset
                0x080047f4       0x18 ./Src/epaper.o
                0x080047f4                epd_dc_reset
 .text.epd_cs_reset
                0x0800480c       0x18 ./Src/epaper.o
                0x0800480c                epd_cs_reset
 .text.epd_is_busy
                0x08004824       0x18 ./Src/epaper.o
                0x08004824                epd_is_busy
 .text.spi_try_start_next
                0x0800483c       0x70 ./Src/epaper.o
 .text.HAL_SPI_TxCpltCallback
                0x080048ac       0x60 ./Src/epaper.o
                0x080048ac                HAL_SPI_TxCpltCallback
 .text.epd_write_reg
                0x0800490c       0x78 ./Src/epaper.o
                0x0800490c                epd_write_reg
 .text.epd_write_data
                0x08004984       0x78 ./Src/epaper.o
                0x08004984                epd_write_data
 .text._epd_write_data
                0x080049fc       0x78 ./Src/epaper.o
                0x080049fc                _epd_write_data
 .text.epd_wait_busy
                0x08004a74       0x3a ./Src/epaper.o
                0x08004a74                epd_wait_busy
 *fill*         0x08004aae        0x2 
 .text.epd_reset
                0x08004ab0       0x28 ./Src/epaper.o
                0x08004ab0                epd_reset
 .text.epd_init
                0x08004ad8       0xc4 ./Src/epaper.o
                0x08004ad8                epd_init
 .text.epd_init_partial
                0x08004b9c       0x18 ./Src/epaper.o
                0x08004b9c                epd_init_partial
 .text.epd_power_on
                0x08004bb4       0x20 ./Src/epaper.o
                0x08004bb4                epd_power_on
 .text.epd_update
                0x08004bd4       0x1a ./Src/epaper.o
                0x08004bd4                epd_update
 .text.epd_update_partial
                0x08004bee       0x1a ./Src/epaper.o
                0x08004bee                epd_update_partial
 .text.epd_setpos
                0x08004c08       0x5a ./Src/epaper.o
                0x08004c08                epd_setpos
 .text.epd_writedata
                0x08004c62       0x36 ./Src/epaper.o
                0x08004c62                epd_writedata
 .text.epd_displayBW_partial
                0x08004c98       0x44 ./Src/epaper.o
                0x08004c98                epd_displayBW_partial
 .text.epd_paint_newimage
                0x08004cdc       0x9c ./Src/epaper.o
                0x08004cdc                epd_paint_newimage
 .text.epd_paint_setpixel
                0x08004d78      0x108 ./Src/epaper.o
                0x08004d78                epd_paint_setpixel
 .text.epd_paint_clear
                0x08004e80       0x64 ./Src/epaper.o
                0x08004e80                epd_paint_clear
 .text.epd_paint_drawPoint
                0x08004ee4       0x2e ./Src/epaper.o
                0x08004ee4                epd_paint_drawPoint
 .text.epd_paint_drawLine
                0x08004f12       0xca ./Src/epaper.o
                0x08004f12                epd_paint_drawLine
 .text.drawThickPoint
                0x08004fdc       0x94 ./Src/epaper.o
                0x08004fdc                drawThickPoint
 .text.epd_paint_drawRectangle
                0x08005070       0xb2 ./Src/epaper.o
                0x08005070                epd_paint_drawRectangle
 .text.epd_paint_drawSemiCircle
                0x08005122      0x3de ./Src/epaper.o
                0x08005122                epd_paint_drawSemiCircle
 .text.epd_paint_drawSemiEllipse
                0x08005500      0x1f8 ./Src/epaper.o
                0x08005500                epd_paint_drawSemiEllipse
 .text.drawSemiEllipsePoints
                0x080056f8      0x19c ./Src/epaper.o
                0x080056f8                drawSemiEllipsePoints
 .text.epd_paint_showString
                0x08005894       0xa8 ./Src/epaper.o
                0x08005894                epd_paint_showString
 .text.climb_calc
                0x0800593c       0xfc ./Src/general_func.o
                0x0800593c                climb_calc
 .text.filter_init
                0x08005a38       0x44 ./Src/general_func.o
                0x08005a38                filter_init
 .text.display_inform
                0x08005a7c      0x16c ./Src/general_func.o
                0x08005a7c                display_inform
 .text.display_fields
                0x08005be8       0x52 ./Src/general_func.o
                0x08005be8                display_fields
 *fill*         0x08005c3a        0x2 
 .text.Buzzer_Set
                0x08005c3c       0xb0 ./Src/general_func.o
                0x08005c3c                Buzzer_Set
 .text.Buzzer_inform
                0x08005cec      0x13c ./Src/general_func.o
                0x08005cec                Buzzer_inform
 .text.Filter_K
                0x08005e28      0x298 ./Src/kalman.o
                0x08005e28                Filter_K
 .text.init_30ms_callback
                0x080060c0       0x1c ./Src/main.o
                0x080060c0                init_30ms_callback
 .text.my_30ms_function
                0x080060dc       0x3c ./Src/main.o
                0x080060dc                my_30ms_function
 .text.main     0x08006118      0x12c ./Src/main.o
                0x08006118                main
 .text.SystemClock_Config
                0x08006244       0x82 ./Src/main.o
                0x08006244                SystemClock_Config
 *fill*         0x080062c6        0x2 
 .text.MX_I2C1_Init
                0x080062c8       0x5c ./Src/main.o
 .text.MX_SPI1_Init
                0x08006324       0x70 ./Src/main.o
 .text.MX_TIM1_Init
                0x08006394      0x140 ./Src/main.o
 .text.MX_USART3_UART_Init
                0x080064d4       0x54 ./Src/main.o
 .text.MX_DMA_Init
                0x08006528       0x3c ./Src/main.o
 .text.MX_GPIO_Init
                0x08006564       0xf4 ./Src/main.o
 .text.HAL_GPIO_EXTI_Callback
                0x08006658       0x34 ./Src/main.o
                0x08006658                HAL_GPIO_EXTI_Callback
 .text.Error_Handler
                0x0800668c        0xc ./Src/main.o
                0x0800668c                Error_Handler
 .text.spl06_ID_read
                0x08006698       0x38 ./Src/spl06.o
                0x08006698                spl06_ID_read
 .text.spl06_Init
                0x080066d0      0x1ec ./Src/spl06.o
                0x080066d0                spl06_Init
 .text.spl06_SetMode
                0x080068bc       0x58 ./Src/spl06.o
                0x080068bc                spl06_SetMode
 .text.spl06_SetOSR
                0x08006914      0x144 ./Src/spl06.o
                0x08006914                spl06_SetOSR
 .text.spl06_ReadTemp
                0x08006a58       0xcc ./Src/spl06.o
                0x08006a58                spl06_ReadTemp
 .text.spl06_ReadPressure
                0x08006b24      0x184 ./Src/spl06.o
                0x08006b24                spl06_ReadPressure
 .text.pascalToCentimeter
                0x08006ca8       0x68 ./Src/spl06.o
                0x08006ca8                pascalToCentimeter
 .text.HAL_MspInit
                0x08006d10       0x64 ./Src/stm32f1xx_hal_msp.o
                0x08006d10                HAL_MspInit
 .text.HAL_I2C_MspInit
                0x08006d74       0x7c ./Src/stm32f1xx_hal_msp.o
                0x08006d74                HAL_I2C_MspInit
 .text.HAL_SPI_MspInit
                0x08006df0       0xd0 ./Src/stm32f1xx_hal_msp.o
                0x08006df0                HAL_SPI_MspInit
 .text.HAL_TIM_Base_MspInit
                0x08006ec0       0x3c ./Src/stm32f1xx_hal_msp.o
                0x08006ec0                HAL_TIM_Base_MspInit
 .text.HAL_TIM_MspPostInit
                0x08006efc       0x68 ./Src/stm32f1xx_hal_msp.o
                0x08006efc                HAL_TIM_MspPostInit
 .text.HAL_UART_MspInit
                0x08006f64       0x98 ./Src/stm32f1xx_hal_msp.o
                0x08006f64                HAL_UART_MspInit
 .text.NMI_Handler
                0x08006ffc        0x8 ./Src/stm32f1xx_it.o
                0x08006ffc                NMI_Handler
 .text.HardFault_Handler
                0x08007004        0x8 ./Src/stm32f1xx_it.o
                0x08007004                HardFault_Handler
 .text.MemManage_Handler
                0x0800700c        0x8 ./Src/stm32f1xx_it.o
                0x0800700c                MemManage_Handler
 .text.BusFault_Handler
                0x08007014        0x8 ./Src/stm32f1xx_it.o
                0x08007014                BusFault_Handler
 .text.UsageFault_Handler
                0x0800701c        0x8 ./Src/stm32f1xx_it.o
                0x0800701c                UsageFault_Handler
 .text.SVC_Handler
                0x08007024        0xc ./Src/stm32f1xx_it.o
                0x08007024                SVC_Handler
 .text.DebugMon_Handler
                0x08007030        0xc ./Src/stm32f1xx_it.o
                0x08007030                DebugMon_Handler
 .text.PendSV_Handler
                0x0800703c        0xc ./Src/stm32f1xx_it.o
                0x0800703c                PendSV_Handler
 .text.SysTick_Handler
                0x08007048       0x4c ./Src/stm32f1xx_it.o
                0x08007048                SysTick_Handler
 .text.DMA1_Channel3_IRQHandler
                0x08007094       0x14 ./Src/stm32f1xx_it.o
                0x08007094                DMA1_Channel3_IRQHandler
 .text.EXTI15_10_IRQHandler
                0x080070a8       0x10 ./Src/stm32f1xx_it.o
                0x080070a8                EXTI15_10_IRQHandler
 .text.SystemInit
                0x080070b8        0xc ./Src/system_stm32f1xx.o
                0x080070b8                SystemInit
 .text.vector_A
                0x080070c4       0xd0 ./Src/vector_fonts.o
                0x080070c4                vector_A
 .text.vector_B
                0x08007194       0xba ./Src/vector_fonts.o
                0x08007194                vector_B
 .text.vector_C
                0x0800724e       0x6e ./Src/vector_fonts.o
                0x0800724e                vector_C
 .text.vector_D
                0x080072bc       0x66 ./Src/vector_fonts.o
                0x080072bc                vector_D
 .text.vector_E
                0x08007322       0xc0 ./Src/vector_fonts.o
                0x08007322                vector_E
 *fill*         0x080073e2        0x6 
 .text.vector_F
                0x080073e8       0xd8 ./Src/vector_fonts.o
                0x080073e8                vector_F
 .text.vector_G
                0x080074c0       0xfc ./Src/vector_fonts.o
                0x080074c0                vector_G
 .text.vector_H
                0x080075bc       0xa4 ./Src/vector_fonts.o
                0x080075bc                vector_H
 .text.vector_I
                0x08007660       0xb0 ./Src/vector_fonts.o
                0x08007660                vector_I
 .text.vector_J
                0x08007710       0x8c ./Src/vector_fonts.o
                0x08007710                vector_J
 .text.vector_K
                0x0800779c       0x9c ./Src/vector_fonts.o
                0x0800779c                vector_K
 .text.vector_L
                0x08007838       0x72 ./Src/vector_fonts.o
                0x08007838                vector_L
 .text.vector_M
                0x080078aa       0xce ./Src/vector_fonts.o
                0x080078aa                vector_M
 .text.vector_N
                0x08007978       0x96 ./Src/vector_fonts.o
                0x08007978                vector_N
 .text.vector_O
                0x08007a0e       0x5a ./Src/vector_fonts.o
                0x08007a0e                vector_O
 .text.vector_P
                0x08007a68       0x80 ./Src/vector_fonts.o
                0x08007a68                vector_P
 .text.vector_Q
                0x08007ae8       0xc0 ./Src/vector_fonts.o
                0x08007ae8                vector_Q
 .text.vector_R
                0x08007ba8       0xa0 ./Src/vector_fonts.o
                0x08007ba8                vector_R
 .text.vector_S
                0x08007c48       0x8c ./Src/vector_fonts.o
                0x08007c48                vector_S
 .text.vector_T
                0x08007cd4       0x7a ./Src/vector_fonts.o
                0x08007cd4                vector_T
 .text.vector_U
                0x08007d4e       0xaa ./Src/vector_fonts.o
                0x08007d4e                vector_U
 .text.vector_V
                0x08007df8       0x7e ./Src/vector_fonts.o
                0x08007df8                vector_V
 .text.vector_W
                0x08007e76      0x11c ./Src/vector_fonts.o
                0x08007e76                vector_W
 .text.vector_X
                0x08007f92       0x72 ./Src/vector_fonts.o
                0x08007f92                vector_X
 .text.vector_Y
                0x08008004       0xb0 ./Src/vector_fonts.o
                0x08008004                vector_Y
 .text.vector_Z
                0x080080b4       0x94 ./Src/vector_fonts.o
                0x080080b4                vector_Z
 .text.vector_0
                0x08008148       0x5a ./Src/vector_fonts.o
                0x08008148                vector_0
 .text.vector_1
                0x080081a2       0x94 ./Src/vector_fonts.o
                0x080081a2                vector_1
 *fill*         0x08008236        0x2 
 .text.vector_2
                0x08008238      0x114 ./Src/vector_fonts.o
                0x08008238                vector_2
 .text.vector_3
                0x0800834c       0xc8 ./Src/vector_fonts.o
                0x0800834c                vector_3
 .text.vector_4
                0x08008414       0xae ./Src/vector_fonts.o
                0x08008414                vector_4
 .text.vector_5
                0x080084c2       0xe4 ./Src/vector_fonts.o
                0x080084c2                vector_5
 .text.vector_6
                0x080085a6       0x78 ./Src/vector_fonts.o
                0x080085a6                vector_6
 .text.vector_7
                0x0800861e       0x6a ./Src/vector_fonts.o
                0x0800861e                vector_7
 .text.vector_8
                0x08008688       0x8a ./Src/vector_fonts.o
                0x08008688                vector_8
 .text.vector_9
                0x08008712       0x7e ./Src/vector_fonts.o
                0x08008712                vector_9
 .text.vector_point
                0x08008790       0x4c ./Src/vector_fonts.o
                0x08008790                vector_point
 .text.vector_minus
                0x080087dc       0x66 ./Src/vector_fonts.o
                0x080087dc                vector_minus
 *fill*         0x08008842        0x2 
 .text.vector_plus
                0x08008844       0xf0 ./Src/vector_fonts.o
                0x08008844                vector_plus
 .text.epd_paint_showChar_vector
                0x08008934      0x4f8 ./Src/vector_fonts.o
                0x08008934                epd_paint_showChar_vector
 .text.Reset_Handler
                0x08008e2c       0x48 ./Startup/startup_stm32f103c8tx.o
                0x08008e2c                Reset_Handler
 .text.Default_Handler
                0x08008e74        0x2 ./Startup/startup_stm32f103c8tx.o
                0x08008e74                RTC_Alarm_IRQHandler
                0x08008e74                EXTI2_IRQHandler
                0x08008e74                TIM1_CC_IRQHandler
                0x08008e74                PVD_IRQHandler
                0x08008e74                EXTI3_IRQHandler
                0x08008e74                EXTI0_IRQHandler
                0x08008e74                I2C2_EV_IRQHandler
                0x08008e74                ADC1_2_IRQHandler
                0x08008e74                SPI1_IRQHandler
                0x08008e74                TAMPER_IRQHandler
                0x08008e74                DMA1_Channel4_IRQHandler
                0x08008e74                USART3_IRQHandler
                0x08008e74                RTC_IRQHandler
                0x08008e74                DMA1_Channel7_IRQHandler
                0x08008e74                CAN1_RX1_IRQHandler
                0x08008e74                TIM4_IRQHandler
                0x08008e74                I2C1_EV_IRQHandler
                0x08008e74                DMA1_Channel6_IRQHandler
                0x08008e74                TIM3_IRQHandler
                0x08008e74                RCC_IRQHandler
                0x08008e74                TIM1_TRG_COM_IRQHandler
                0x08008e74                DMA1_Channel1_IRQHandler
                0x08008e74                Default_Handler
                0x08008e74                EXTI9_5_IRQHandler
                0x08008e74                SPI2_IRQHandler
                0x08008e74                DMA1_Channel5_IRQHandler
                0x08008e74                EXTI4_IRQHandler
                0x08008e74                USB_LP_CAN1_RX0_IRQHandler
                0x08008e74                USB_HP_CAN1_TX_IRQHandler
                0x08008e74                TIM1_UP_IRQHandler
                0x08008e74                WWDG_IRQHandler
                0x08008e74                TIM2_IRQHandler
                0x08008e74                TIM1_BRK_IRQHandler
                0x08008e74                EXTI1_IRQHandler
                0x08008e74                USART2_IRQHandler
                0x08008e74                I2C2_ER_IRQHandler
                0x08008e74                DMA1_Channel2_IRQHandler
                0x08008e74                CAN1_SCE_IRQHandler
                0x08008e74                FLASH_IRQHandler
                0x08008e74                USART1_IRQHandler
                0x08008e74                I2C1_ER_IRQHandler
                0x08008e74                USBWakeUp_IRQHandler
 .text.memset   0x08008e76       0x10 C:/ST/STM32CubeIDE_1.17.0/STM32CubeIDE/plugins/com.st.stm32cube.ide.mcu.externaltools.gnu-tools-for-stm32.12.3.rel1.win32_1.1.0.202410251130/tools/bin/../lib/gcc/arm-none-eabi/12.3.1/../../../../arm-none-eabi/lib/thumb/v7-m/nofp\libc_nano.a(libc_a-memset.o)
                0x08008e76                memset
 *fill*         0x08008e86        0x2 
 .text.__errno  0x08008e88        0xc C:/ST/STM32CubeIDE_1.17.0/STM32CubeIDE/plugins/com.st.stm32cube.ide.mcu.externaltools.gnu-tools-for-stm32.12.3.rel1.win32_1.1.0.202410251130/tools/bin/../lib/gcc/arm-none-eabi/12.3.1/../../../../arm-none-eabi/lib/thumb/v7-m/nofp\libc_nano.a(libc_a-errno.o)
                0x08008e88                __errno
 .text.__libc_init_array
                0x08008e94       0x48 C:/ST/STM32CubeIDE_1.17.0/STM32CubeIDE/plugins/com.st.stm32cube.ide.mcu.externaltools.gnu-tools-for-stm32.12.3.rel1.win32_1.1.0.202410251130/tools/bin/../lib/gcc/arm-none-eabi/12.3.1/../../../../arm-none-eabi/lib/thumb/v7-m/nofp\libc_nano.a(libc_a-init.o)
                0x08008e94                __libc_init_array
 .text.powf     0x08008edc       0x9a C:/ST/STM32CubeIDE_1.17.0/STM32CubeIDE/plugins/com.st.stm32cube.ide.mcu.externaltools.gnu-tools-for-stm32.12.3.rel1.win32_1.1.0.202410251130/tools/bin/../lib/gcc/arm-none-eabi/12.3.1/../../../../arm-none-eabi/lib/thumb/v7-m/nofp\libm.a(libm_a-wf_pow.o)
                0x08008edc                powf
 .text.finitef  0x08008f76       0x10 C:/ST/STM32CubeIDE_1.17.0/STM32CubeIDE/plugins/com.st.stm32cube.ide.mcu.externaltools.gnu-tools-for-stm32.12.3.rel1.win32_1.1.0.202410251130/tools/bin/../lib/gcc/arm-none-eabi/12.3.1/../../../../arm-none-eabi/lib/thumb/v7-m/nofp\libm.a(libm_a-sf_finite.o)
                0x08008f76                finitef
 *fill*         0x08008f86        0x2 
 .text.__ieee754_powf
                0x08008f88      0x6bc C:/ST/STM32CubeIDE_1.17.0/STM32CubeIDE/plugins/com.st.stm32cube.ide.mcu.externaltools.gnu-tools-for-stm32.12.3.rel1.win32_1.1.0.202410251130/tools/bin/../lib/gcc/arm-none-eabi/12.3.1/../../../../arm-none-eabi/lib/thumb/v7-m/nofp\libm.a(libm_a-ef_pow.o)
                0x08008f88                __ieee754_powf
 .text.fabsf    0x08009644        0x6 C:/ST/STM32CubeIDE_1.17.0/STM32CubeIDE/plugins/com.st.stm32cube.ide.mcu.externaltools.gnu-tools-for-stm32.12.3.rel1.win32_1.1.0.202410251130/tools/bin/../lib/gcc/arm-none-eabi/12.3.1/../../../../arm-none-eabi/lib/thumb/v7-m/nofp\libm.a(libm_a-sf_fabs.o)
                0x08009644                fabsf
 *fill*         0x0800964a        0x2 
 .text.scalbnf  0x0800964c       0x98 C:/ST/STM32CubeIDE_1.17.0/STM32CubeIDE/plugins/com.st.stm32cube.ide.mcu.externaltools.gnu-tools-for-stm32.12.3.rel1.win32_1.1.0.202410251130/tools/bin/../lib/gcc/arm-none-eabi/12.3.1/../../../../arm-none-eabi/lib/thumb/v7-m/nofp\libm.a(libm_a-sf_scalbn.o)
                0x0800964c                scalbnf
 .text.with_errnof
                0x080096e4       0x10 C:/ST/STM32CubeIDE_1.17.0/STM32CubeIDE/plugins/com.st.stm32cube.ide.mcu.externaltools.gnu-tools-for-stm32.12.3.rel1.win32_1.1.0.202410251130/tools/bin/../lib/gcc/arm-none-eabi/12.3.1/../../../../arm-none-eabi/lib/thumb/v7-m/nofp\libm.a(libm_a-math_errf.o)
 .text.xflowf   0x080096f4       0x1a C:/ST/STM32CubeIDE_1.17.0/STM32CubeIDE/plugins/com.st.stm32cube.ide.mcu.externaltools.gnu-tools-for-stm32.12.3.rel1.win32_1.1.0.202410251130/tools/bin/../lib/gcc/arm-none-eabi/12.3.1/../../../../arm-none-eabi/lib/thumb/v7-m/nofp\libm.a(libm_a-math_errf.o)
 .text.__math_uflowf
                0x0800970e        0x8 C:/ST/STM32CubeIDE_1.17.0/STM32CubeIDE/plugins/com.st.stm32cube.ide.mcu.externaltools.gnu-tools-for-stm32.12.3.rel1.win32_1.1.0.202410251130/tools/bin/../lib/gcc/arm-none-eabi/12.3.1/../../../../arm-none-eabi/lib/thumb/v7-m/nofp\libm.a(libm_a-math_errf.o)
                0x0800970e                __math_uflowf
 .text.__math_oflowf
                0x08009716        0x8 C:/ST/STM32CubeIDE_1.17.0/STM32CubeIDE/plugins/com.st.stm32cube.ide.mcu.externaltools.gnu-tools-for-stm32.12.3.rel1.win32_1.1.0.202410251130/tools/bin/../lib/gcc/arm-none-eabi/12.3.1/../../../../arm-none-eabi/lib/thumb/v7-m/nofp\libm.a(libm_a-math_errf.o)
                0x08009716                __math_oflowf
 *fill*         0x0800971e        0x2 
 .text.__ieee754_sqrtf
                0x08009720       0xe0 C:/ST/STM32CubeIDE_1.17.0/STM32CubeIDE/plugins/com.st.stm32cube.ide.mcu.externaltools.gnu-tools-for-stm32.12.3.rel1.win32_1.1.0.202410251130/tools/bin/../lib/gcc/arm-none-eabi/12.3.1/../../../../arm-none-eabi/lib/thumb/v7-m/nofp\libm.a(libm_a-ef_sqrt.o)
                0x08009720                __ieee754_sqrtf
 *(.glue_7)
 .glue_7        0x08009800        0x0 linker stubs
 *(.glue_7t)
 .glue_7t       0x08009800        0x0 linker stubs
 *(.eh_frame)
 .eh_frame      0x08009800        0x0 C:/ST/STM32CubeIDE_1.17.0/STM32CubeIDE/plugins/com.st.stm32cube.ide.mcu.externaltools.gnu-tools-for-stm32.12.3.rel1.win32_1.1.0.202410251130/tools/bin/../lib/gcc/arm-none-eabi/12.3.1/thumb/v7-m/nofp/crtbegin.o
 *(.init)
 .init          0x08009800        0x4 C:/ST/STM32CubeIDE_1.17.0/STM32CubeIDE/plugins/com.st.stm32cube.ide.mcu.externaltools.gnu-tools-for-stm32.12.3.rel1.win32_1.1.0.202410251130/tools/bin/../lib/gcc/arm-none-eabi/12.3.1/thumb/v7-m/nofp/crti.o
                0x08009800                _init
 .init          0x08009804        0x8 C:/ST/STM32CubeIDE_1.17.0/STM32CubeIDE/plugins/com.st.stm32cube.ide.mcu.externaltools.gnu-tools-for-stm32.12.3.rel1.win32_1.1.0.202410251130/tools/bin/../lib/gcc/arm-none-eabi/12.3.1/thumb/v7-m/nofp/crtn.o
 *(.fini)
 .fini          0x0800980c        0x4 C:/ST/STM32CubeIDE_1.17.0/STM32CubeIDE/plugins/com.st.stm32cube.ide.mcu.externaltools.gnu-tools-for-stm32.12.3.rel1.win32_1.1.0.202410251130/tools/bin/../lib/gcc/arm-none-eabi/12.3.1/thumb/v7-m/nofp/crti.o
                0x0800980c                _fini
 .fini          0x08009810        0x8 C:/ST/STM32CubeIDE_1.17.0/STM32CubeIDE/plugins/com.st.stm32cube.ide.mcu.externaltools.gnu-tools-for-stm32.12.3.rel1.win32_1.1.0.202410251130/tools/bin/../lib/gcc/arm-none-eabi/12.3.1/thumb/v7-m/nofp/crtn.o
                0x08009818                        . = ALIGN (0x4)
                0x08009818                        _etext = .

.vfp11_veneer   0x08009818        0x0
 .vfp11_veneer  0x08009818        0x0 linker stubs

.v4_bx          0x08009818        0x0
 .v4_bx         0x08009818        0x0 linker stubs

.iplt           0x08009818        0x0
 .iplt          0x08009818        0x0 C:/ST/STM32CubeIDE_1.17.0/STM32CubeIDE/plugins/com.st.stm32cube.ide.mcu.externaltools.gnu-tools-for-stm32.12.3.rel1.win32_1.1.0.202410251130/tools/bin/../lib/gcc/arm-none-eabi/12.3.1/thumb/v7-m/nofp/crtbegin.o

.rodata         0x08009818       0x68
                0x08009818                        . = ALIGN (0x4)
 *(.rodata)
 .rodata        0x08009818        0x1 ./Src/vector_fonts.o
 *(.rodata*)
 *fill*         0x08009819        0x3 
 .rodata.aPLLMULFactorTable.1
                0x0800981c       0x10 ./Drivers/STM32F1xx_HAL_Driver/Src/stm32f1xx_hal_rcc.o
 .rodata.aPredivFactorTable.0
                0x0800982c        0x2 ./Drivers/STM32F1xx_HAL_Driver/Src/stm32f1xx_hal_rcc.o
 *fill*         0x0800982e        0x2 
 .rodata.scale_factor
                0x08009830       0x20 ./Src/spl06.o
                0x08009830                scale_factor
 .rodata.AHBPrescTable
                0x08009850       0x10 ./Src/system_stm32f1xx.o
                0x08009850                AHBPrescTable
 .rodata.APBPrescTable
                0x08009860        0x8 ./Src/system_stm32f1xx.o
                0x08009860                APBPrescTable
 .rodata.dp_l   0x08009868        0x8 C:/ST/STM32CubeIDE_1.17.0/STM32CubeIDE/plugins/com.st.stm32cube.ide.mcu.externaltools.gnu-tools-for-stm32.12.3.rel1.win32_1.1.0.202410251130/tools/bin/../lib/gcc/arm-none-eabi/12.3.1/../../../../arm-none-eabi/lib/thumb/v7-m/nofp\libm.a(libm_a-ef_pow.o)
 .rodata.dp_h   0x08009870        0x8 C:/ST/STM32CubeIDE_1.17.0/STM32CubeIDE/plugins/com.st.stm32cube.ide.mcu.externaltools.gnu-tools-for-stm32.12.3.rel1.win32_1.1.0.202410251130/tools/bin/../lib/gcc/arm-none-eabi/12.3.1/../../../../arm-none-eabi/lib/thumb/v7-m/nofp\libm.a(libm_a-ef_pow.o)
 .rodata.bp     0x08009878        0x8 C:/ST/STM32CubeIDE_1.17.0/STM32CubeIDE/plugins/com.st.stm32cube.ide.mcu.externaltools.gnu-tools-for-stm32.12.3.rel1.win32_1.1.0.202410251130/tools/bin/../lib/gcc/arm-none-eabi/12.3.1/../../../../arm-none-eabi/lib/thumb/v7-m/nofp\libm.a(libm_a-ef_pow.o)
                0x08009880                        . = ALIGN (0x4)

.ARM.extab      0x08009880        0x0
                0x08009880                        . = ALIGN (0x4)
 *(.ARM.extab* .gnu.linkonce.armextab.*)
                0x08009880                        . = ALIGN (0x4)

.ARM            0x08009880        0x0
                0x08009880                        . = ALIGN (0x4)
                0x08009880                        __exidx_start = .
 *(.ARM.exidx*)
                0x08009880                        __exidx_end = .
                0x08009880                        . = ALIGN (0x4)

.preinit_array  0x08009880        0x0
                0x08009880                        . = ALIGN (0x4)
                0x08009880                        PROVIDE (__preinit_array_start = .)
 *(.preinit_array*)
                0x08009880                        PROVIDE (__preinit_array_end = .)
                0x08009880                        . = ALIGN (0x4)

.init_array     0x08009880        0x4
                0x08009880                        . = ALIGN (0x4)
                0x08009880                        PROVIDE (__init_array_start = .)
 *(SORT_BY_NAME(.init_array.*))
 *(.init_array*)
 .init_array    0x08009880        0x4 C:/ST/STM32CubeIDE_1.17.0/STM32CubeIDE/plugins/com.st.stm32cube.ide.mcu.externaltools.gnu-tools-for-stm32.12.3.rel1.win32_1.1.0.202410251130/tools/bin/../lib/gcc/arm-none-eabi/12.3.1/thumb/v7-m/nofp/crtbegin.o
                0x08009884                        PROVIDE (__init_array_end = .)
                0x08009884                        . = ALIGN (0x4)

.fini_array     0x08009884        0x4
                0x08009884                        . = ALIGN (0x4)
                [!provide]                        PROVIDE (__fini_array_start = .)
 *(SORT_BY_NAME(.fini_array.*))
 *(.fini_array*)
 .fini_array    0x08009884        0x4 C:/ST/STM32CubeIDE_1.17.0/STM32CubeIDE/plugins/com.st.stm32cube.ide.mcu.externaltools.gnu-tools-for-stm32.12.3.rel1.win32_1.1.0.202410251130/tools/bin/../lib/gcc/arm-none-eabi/12.3.1/thumb/v7-m/nofp/crtbegin.o
                [!provide]                        PROVIDE (__fini_array_end = .)
                0x08009888                        . = ALIGN (0x4)
                0x08009888                        _sidata = LOADADDR (.data)

.rel.dyn        0x08009888        0x0
 .rel.iplt      0x08009888        0x0 C:/ST/STM32CubeIDE_1.17.0/STM32CubeIDE/plugins/com.st.stm32cube.ide.mcu.externaltools.gnu-tools-for-stm32.12.3.rel1.win32_1.1.0.202410251130/tools/bin/../lib/gcc/arm-none-eabi/12.3.1/thumb/v7-m/nofp/crtbegin.o

.data           0x20000000       0x74 load address 0x08009888
                0x20000000                        . = ALIGN (0x4)
                0x20000000                        _sdata = .
 *(.data)
 *(.data*)
 .data.uwTickPrio
                0x20000000        0x4 ./Drivers/STM32F1xx_HAL_Driver/Src/stm32f1xx_hal.o
                0x20000000                uwTickPrio
 .data.uwTickFreq
                0x20000004        0x1 ./Drivers/STM32F1xx_HAL_Driver/Src/stm32f1xx_hal.o
                0x20000004                uwTickFreq
 .data._hibernating
                0x20000005        0x1 ./Src/epaper.o
 *fill*         0x20000006        0x2 
 .data.Kalman_Q_accel
                0x20000008        0x4 ./Src/kalman.o
 .data.Kalman_R_measure
                0x2000000c        0x4 ./Src/kalman.o
 .data.p_scale  0x20000010        0x4 ./Src/spl06.o
                0x20000010                p_scale
 .data.t_scale  0x20000014        0x4 ./Src/spl06.o
                0x20000014                t_scale
 .data.SystemCoreClock
                0x20000018        0x4 ./Src/system_stm32f1xx.o
                0x20000018                SystemCoreClock
 .data._impure_ptr
                0x2000001c        0x4 C:/ST/STM32CubeIDE_1.17.0/STM32CubeIDE/plugins/com.st.stm32cube.ide.mcu.externaltools.gnu-tools-for-stm32.12.3.rel1.win32_1.1.0.202410251130/tools/bin/../lib/gcc/arm-none-eabi/12.3.1/../../../../arm-none-eabi/lib/thumb/v7-m/nofp\libc_nano.a(libc_a-impure.o)
                0x2000001c                _impure_ptr
 .data._impure_data
                0x20000020       0x4c C:/ST/STM32CubeIDE_1.17.0/STM32CubeIDE/plugins/com.st.stm32cube.ide.mcu.externaltools.gnu-tools-for-stm32.12.3.rel1.win32_1.1.0.202410251130/tools/bin/../lib/gcc/arm-none-eabi/12.3.1/../../../../arm-none-eabi/lib/thumb/v7-m/nofp\libc_nano.a(libc_a-impure.o)
                0x20000020                _impure_data
 .data.tiny     0x2000006c        0x4 C:/ST/STM32CubeIDE_1.17.0/STM32CubeIDE/plugins/com.st.stm32cube.ide.mcu.externaltools.gnu-tools-for-stm32.12.3.rel1.win32_1.1.0.202410251130/tools/bin/../lib/gcc/arm-none-eabi/12.3.1/../../../../arm-none-eabi/lib/thumb/v7-m/nofp\libm.a(libm_a-ef_sqrt.o)
 .data.one      0x20000070        0x4 C:/ST/STM32CubeIDE_1.17.0/STM32CubeIDE/plugins/com.st.stm32cube.ide.mcu.externaltools.gnu-tools-for-stm32.12.3.rel1.win32_1.1.0.202410251130/tools/bin/../lib/gcc/arm-none-eabi/12.3.1/../../../../arm-none-eabi/lib/thumb/v7-m/nofp\libm.a(libm_a-ef_sqrt.o)
 *(.RamFunc)
 *(.RamFunc*)
                0x20000074                        . = ALIGN (0x4)
                0x20000074                        _edata = .

.igot.plt       0x20000074        0x0 load address 0x080098fc
 .igot.plt      0x20000074        0x0 C:/ST/STM32CubeIDE_1.17.0/STM32CubeIDE/plugins/com.st.stm32cube.ide.mcu.externaltools.gnu-tools-for-stm32.12.3.rel1.win32_1.1.0.202410251130/tools/bin/../lib/gcc/arm-none-eabi/12.3.1/thumb/v7-m/nofp/crtbegin.o
                0x20000074                        . = ALIGN (0x4)

.bss            0x20000074     0x1774 load address 0x080098fc
                0x20000074                        _sbss = .
                0x20000074                        __bss_start__ = _sbss
 *(.bss)
 .bss           0x20000074       0x1c C:/ST/STM32CubeIDE_1.17.0/STM32CubeIDE/plugins/com.st.stm32cube.ide.mcu.externaltools.gnu-tools-for-stm32.12.3.rel1.win32_1.1.0.202410251130/tools/bin/../lib/gcc/arm-none-eabi/12.3.1/thumb/v7-m/nofp/crtbegin.o
 *(.bss*)
 .bss.uwTick    0x20000090        0x4 ./Drivers/STM32F1xx_HAL_Driver/Src/stm32f1xx_hal.o
                0x20000090                uwTick
 .bss.EPD_Paint
                0x20000094       0x14 ./Src/epaper.o
                0x20000094                EPD_Paint
 .bss.spi_queue
                0x200000a8       0x40 ./Src/epaper.o
 .bss.q_head    0x200000e8        0x1 ./Src/epaper.o
 .bss.q_tail    0x200000e9        0x1 ./Src/epaper.o
 .bss.q_count   0x200000ea        0x1 ./Src/epaper.o
 .bss.spi_dma_busy
                0x200000eb        0x1 ./Src/epaper.o
 .bss.htim1     0x200000ec       0x48 ./Src/general_func.o
                0x200000ec                htim1
 .bss.pres_test.17
                0x20000134        0x4 ./Src/general_func.o
 .bss.last_time.16
                0x20000138        0x4 ./Src/general_func.o
 .bss.now_time.15
                0x2000013c        0x4 ./Src/general_func.o
 .bss.dt.14     0x20000140        0x4 ./Src/general_func.o
 .bss.alt_float.13
                0x20000144        0x4 ./Src/general_func.o
 .bss.climb_float.12
                0x20000148        0x4 ./Src/general_func.o
 .bss.alt_int.11
                0x2000014c        0x2 ./Src/general_func.o
 .bss.climb_int.10
                0x2000014e        0x2 ./Src/general_func.o
 .bss.altitude.9
                0x20000150        0x4 ./Src/general_func.o
 .bss.climb.8   0x20000154        0x4 ./Src/general_func.o
 .bss.old_time_view.7
                0x20000158        0x4 ./Src/general_func.o
 .bss.last_change_time.6
                0x2000015c        0x4 ./Src/general_func.o
 .bss.is_beeping.5
                0x20000160        0x1 ./Src/general_func.o
 *fill*         0x20000161        0x1 
 .bss.current_duration.4
                0x20000162        0x2 ./Src/general_func.o
 .bss.pause_duration.3
                0x20000164        0x2 ./Src/general_func.o
 *fill*         0x20000166        0x2 
 .bss.current_freq.2
                0x20000168        0x4 ./Src/general_func.o
 .bss.z         0x2000016c        0x4 ./Src/kalman.o
 .bss.vz        0x20000170        0x4 ./Src/kalman.o
 .bss.Kalman_P  0x20000174       0x10 ./Src/kalman.o
 .bss.Kalman_K  0x20000184        0x8 ./Src/kalman.o
 .bss.Kalman_y  0x2000018c        0x4 ./Src/kalman.o
 .bss.Kalman_S  0x20000190        0x4 ./Src/kalman.o
 .bss.hi2c1     0x20000194       0x54 ./Src/main.o
                0x20000194                hi2c1
 .bss.hspi1     0x200001e8       0x58 ./Src/main.o
                0x200001e8                hspi1
 .bss.hdma_spi1_tx
                0x20000240       0x44 ./Src/main.o
                0x20000240                hdma_spi1_tx
 .bss.huart3    0x20000284       0x48 ./Src/main.o
                0x20000284                huart3
 .bss.pres      0x200002cc        0x4 ./Src/main.o
                0x200002cc                pres
 .bss.turn_of_flag
                0x200002d0        0x1 ./Src/main.o
                0x200002d0                turn_of_flag
 *fill*         0x200002d1        0x3 
 .bss.image_bw  0x200002d4     0x1388 ./Src/main.o
                0x200002d4                image_bw
 .bss.text      0x2000165c       0x19 ./Src/main.o
                0x2000165c                text
 *fill*         0x20001675        0x3 
 .bss.altitude  0x20001678        0x4 ./Src/main.o
                0x20001678                altitude
 .bss.climb     0x2000167c        0x2 ./Src/main.o
                0x2000167c                climb
 *fill*         0x2000167e        0x2 
 .bss.cycle_time
                0x20001680        0x4 ./Src/main.o
                0x20001680                cycle_time
 .bss.time_old  0x20001684        0x4 ./Src/main.o
                0x20001684                time_old
 .bss.cb_cnt    0x20001688        0x4 ./Src/main.o
                0x20001688                cb_cnt
 .bss.systick_counter
                0x2000168c        0x4 ./Src/main.o
                0x2000168c                systick_counter
 .bss.callback_30ms
                0x20001690        0x4 ./Src/main.o
                0x20001690                callback_30ms
 .bss.last_meas_temp
                0x20001694        0x4 ./Src/spl06.o
                0x20001694                last_meas_temp
 .bss.spl06_calib_data
                0x20001698       0x18 ./Src/spl06.o
                0x20001698                spl06_calib_data
 .bss.__sf      0x200016b0      0x138 C:/ST/STM32CubeIDE_1.17.0/STM32CubeIDE/plugins/com.st.stm32cube.ide.mcu.externaltools.gnu-tools-for-stm32.12.3.rel1.win32_1.1.0.202410251130/tools/bin/../lib/gcc/arm-none-eabi/12.3.1/../../../../arm-none-eabi/lib/thumb/v7-m/nofp\libc_nano.a(libc_a-findfp.o)
                0x200016b0                __sf
 *(COMMON)
                0x200017e8                        . = ALIGN (0x4)
                0x200017e8                        _ebss = .
                0x200017e8                        __bss_end__ = _ebss

._user_heap_stack
                0x200017e8      0x600 load address 0x080098fc
                0x200017e8                        . = ALIGN (0x8)
                [!provide]                        PROVIDE (end = .)
                0x200017e8                        PROVIDE (_end = .)
                0x200019e8                        . = (. + _Min_Heap_Size)
 *fill*         0x200017e8      0x200 
                0x20001de8                        . = (. + _Min_Stack_Size)
 *fill*         0x200019e8      0x400 
                0x20001de8                        . = ALIGN (0x8)

/DISCARD/
 libc.a(*)
 libm.a(*)
 libgcc.a(*)

.ARM.attributes
                0x00000000       0x29
 *(.ARM.attributes)
 .ARM.attributes
                0x00000000       0x1d C:/ST/STM32CubeIDE_1.17.0/STM32CubeIDE/plugins/com.st.stm32cube.ide.mcu.externaltools.gnu-tools-for-stm32.12.3.rel1.win32_1.1.0.202410251130/tools/bin/../lib/gcc/arm-none-eabi/12.3.1/thumb/v7-m/nofp/crti.o
 .ARM.attributes
                0x0000001d       0x2d C:/ST/STM32CubeIDE_1.17.0/STM32CubeIDE/plugins/com.st.stm32cube.ide.mcu.externaltools.gnu-tools-for-stm32.12.3.rel1.win32_1.1.0.202410251130/tools/bin/../lib/gcc/arm-none-eabi/12.3.1/thumb/v7-m/nofp/crtbegin.o
 .ARM.attributes
                0x0000004a       0x2d ./Drivers/STM32F1xx_HAL_Driver/Src/stm32f1xx_hal.o
 .ARM.attributes
                0x00000077       0x2d ./Drivers/STM32F1xx_HAL_Driver/Src/stm32f1xx_hal_cortex.o
 .ARM.attributes
                0x000000a4       0x2d ./Drivers/STM32F1xx_HAL_Driver/Src/stm32f1xx_hal_dma.o
 .ARM.attributes
                0x000000d1       0x2d ./Drivers/STM32F1xx_HAL_Driver/Src/stm32f1xx_hal_gpio.o
 .ARM.attributes
                0x000000fe       0x2d ./Drivers/STM32F1xx_HAL_Driver/Src/stm32f1xx_hal_i2c.o
 .ARM.attributes
                0x0000012b       0x2d ./Drivers/STM32F1xx_HAL_Driver/Src/stm32f1xx_hal_rcc.o
 .ARM.attributes
                0x00000158       0x2d ./Drivers/STM32F1xx_HAL_Driver/Src/stm32f1xx_hal_spi.o
 .ARM.attributes
                0x00000185       0x2d ./Drivers/STM32F1xx_HAL_Driver/Src/stm32f1xx_hal_tim.o
 .ARM.attributes
                0x000001b2       0x2d ./Drivers/STM32F1xx_HAL_Driver/Src/stm32f1xx_hal_tim_ex.o
 .ARM.attributes
                0x000001df       0x2d ./Drivers/STM32F1xx_HAL_Driver/Src/stm32f1xx_hal_uart.o
 .ARM.attributes
                0x0000020c       0x2d ./Src/epaper.o
 .ARM.attributes
                0x00000239       0x2d ./Src/general_func.o
 .ARM.attributes
                0x00000266       0x2d ./Src/kalman.o
 .ARM.attributes
                0x00000293       0x2d ./Src/main.o
 .ARM.attributes
                0x000002c0       0x2d ./Src/spl06.o
 .ARM.attributes
                0x000002ed       0x2d ./Src/stm32f1xx_hal_msp.o
 .ARM.attributes
                0x0000031a       0x2d ./Src/stm32f1xx_it.o
 .ARM.attributes
                0x00000347       0x2d ./Src/system_stm32f1xx.o
 .ARM.attributes
                0x00000374       0x2d ./Src/vector_fonts.o
 .ARM.attributes
                0x000003a1       0x21 ./Startup/startup_stm32f103c8tx.o
 .ARM.attributes
                0x000003c2       0x2d C:/ST/STM32CubeIDE_1.17.0/STM32CubeIDE/plugins/com.st.stm32cube.ide.mcu.externaltools.gnu-tools-for-stm32.12.3.rel1.win32_1.1.0.202410251130/tools/bin/../lib/gcc/arm-none-eabi/12.3.1/../../../../arm-none-eabi/lib/thumb/v7-m/nofp\libc_nano.a(libc_a-findfp.o)
 .ARM.attributes
                0x000003ef       0x2d C:/ST/STM32CubeIDE_1.17.0/STM32CubeIDE/plugins/com.st.stm32cube.ide.mcu.externaltools.gnu-tools-for-stm32.12.3.rel1.win32_1.1.0.202410251130/tools/bin/../lib/gcc/arm-none-eabi/12.3.1/../../../../arm-none-eabi/lib/thumb/v7-m/nofp\libc_nano.a(libc_a-memset.o)
 .ARM.attributes
                0x0000041c       0x2d C:/ST/STM32CubeIDE_1.17.0/STM32CubeIDE/plugins/com.st.stm32cube.ide.mcu.externaltools.gnu-tools-for-stm32.12.3.rel1.win32_1.1.0.202410251130/tools/bin/../lib/gcc/arm-none-eabi/12.3.1/../../../../arm-none-eabi/lib/thumb/v7-m/nofp\libc_nano.a(libc_a-impure.o)
 .ARM.attributes
                0x00000449       0x2d C:/ST/STM32CubeIDE_1.17.0/STM32CubeIDE/plugins/com.st.stm32cube.ide.mcu.externaltools.gnu-tools-for-stm32.12.3.rel1.win32_1.1.0.202410251130/tools/bin/../lib/gcc/arm-none-eabi/12.3.1/../../../../arm-none-eabi/lib/thumb/v7-m/nofp\libc_nano.a(libc_a-errno.o)
 .ARM.attributes
                0x00000476       0x2d C:/ST/STM32CubeIDE_1.17.0/STM32CubeIDE/plugins/com.st.stm32cube.ide.mcu.externaltools.gnu-tools-for-stm32.12.3.rel1.win32_1.1.0.202410251130/tools/bin/../lib/gcc/arm-none-eabi/12.3.1/../../../../arm-none-eabi/lib/thumb/v7-m/nofp\libc_nano.a(libc_a-init.o)
 .ARM.attributes
                0x000004a3       0x2d C:/ST/STM32CubeIDE_1.17.0/STM32CubeIDE/plugins/com.st.stm32cube.ide.mcu.externaltools.gnu-tools-for-stm32.12.3.rel1.win32_1.1.0.202410251130/tools/bin/../lib/gcc/arm-none-eabi/12.3.1/../../../../arm-none-eabi/lib/thumb/v7-m/nofp\libm.a(libm_a-wf_pow.o)
 .ARM.attributes
                0x000004d0       0x2d C:/ST/STM32CubeIDE_1.17.0/STM32CubeIDE/plugins/com.st.stm32cube.ide.mcu.externaltools.gnu-tools-for-stm32.12.3.rel1.win32_1.1.0.202410251130/tools/bin/../lib/gcc/arm-none-eabi/12.3.1/../../../../arm-none-eabi/lib/thumb/v7-m/nofp\libm.a(libm_a-sf_finite.o)
 .ARM.attributes
                0x000004fd       0x2d C:/ST/STM32CubeIDE_1.17.0/STM32CubeIDE/plugins/com.st.stm32cube.ide.mcu.externaltools.gnu-tools-for-stm32.12.3.rel1.win32_1.1.0.202410251130/tools/bin/../lib/gcc/arm-none-eabi/12.3.1/../../../../arm-none-eabi/lib/thumb/v7-m/nofp\libm.a(libm_a-ef_pow.o)
 .ARM.attributes
                0x0000052a       0x2d C:/ST/STM32CubeIDE_1.17.0/STM32CubeIDE/plugins/com.st.stm32cube.ide.mcu.externaltools.gnu-tools-for-stm32.12.3.rel1.win32_1.1.0.202410251130/tools/bin/../lib/gcc/arm-none-eabi/12.3.1/../../../../arm-none-eabi/lib/thumb/v7-m/nofp\libm.a(libm_a-sf_fabs.o)
 .ARM.attributes
                0x00000557       0x2d C:/ST/STM32CubeIDE_1.17.0/STM32CubeIDE/plugins/com.st.stm32cube.ide.mcu.externaltools.gnu-tools-for-stm32.12.3.rel1.win32_1.1.0.202410251130/tools/bin/../lib/gcc/arm-none-eabi/12.3.1/../../../../arm-none-eabi/lib/thumb/v7-m/nofp\libm.a(libm_a-sf_scalbn.o)
 .ARM.attributes
                0x00000584       0x2d C:/ST/STM32CubeIDE_1.17.0/STM32CubeIDE/plugins/com.st.stm32cube.ide.mcu.externaltools.gnu-tools-for-stm32.12.3.rel1.win32_1.1.0.202410251130/tools/bin/../lib/gcc/arm-none-eabi/12.3.1/../../../../arm-none-eabi/lib/thumb/v7-m/nofp\libm.a(libm_a-math_errf.o)
 .ARM.attributes
                0x000005b1       0x2d C:/ST/STM32CubeIDE_1.17.0/STM32CubeIDE/plugins/com.st.stm32cube.ide.mcu.externaltools.gnu-tools-for-stm32.12.3.rel1.win32_1.1.0.202410251130/tools/bin/../lib/gcc/arm-none-eabi/12.3.1/../../../../arm-none-eabi/lib/thumb/v7-m/nofp\libm.a(libm_a-ef_sqrt.o)
 .ARM.attributes
                0x000005de       0x1d C:/ST/STM32CubeIDE_1.17.0/STM32CubeIDE/plugins/com.st.stm32cube.ide.mcu.externaltools.gnu-tools-for-stm32.12.3.rel1.win32_1.1.0.202410251130/tools/bin/../lib/gcc/arm-none-eabi/12.3.1/thumb/v7-m/nofp\libgcc.a(_arm_addsubdf3.o)
 .ARM.attributes
                0x000005fb       0x1d C:/ST/STM32CubeIDE_1.17.0/STM32CubeIDE/plugins/com.st.stm32cube.ide.mcu.externaltools.gnu-tools-for-stm32.12.3.rel1.win32_1.1.0.202410251130/tools/bin/../lib/gcc/arm-none-eabi/12.3.1/thumb/v7-m/nofp\libgcc.a(_arm_muldivdf3.o)
 .ARM.attributes
                0x00000618       0x1d C:/ST/STM32CubeIDE_1.17.0/STM32CubeIDE/plugins/com.st.stm32cube.ide.mcu.externaltools.gnu-tools-for-stm32.12.3.rel1.win32_1.1.0.202410251130/tools/bin/../lib/gcc/arm-none-eabi/12.3.1/thumb/v7-m/nofp\libgcc.a(_arm_fixdfsi.o)
 .ARM.attributes
                0x00000635       0x1d C:/ST/STM32CubeIDE_1.17.0/STM32CubeIDE/plugins/com.st.stm32cube.ide.mcu.externaltools.gnu-tools-for-stm32.12.3.rel1.win32_1.1.0.202410251130/tools/bin/../lib/gcc/arm-none-eabi/12.3.1/thumb/v7-m/nofp\libgcc.a(_arm_fixunsdfsi.o)
 .ARM.attributes
                0x00000652       0x1d C:/ST/STM32CubeIDE_1.17.0/STM32CubeIDE/plugins/com.st.stm32cube.ide.mcu.externaltools.gnu-tools-for-stm32.12.3.rel1.win32_1.1.0.202410251130/tools/bin/../lib/gcc/arm-none-eabi/12.3.1/thumb/v7-m/nofp\libgcc.a(_arm_truncdfsf2.o)
 .ARM.attributes
                0x0000066f       0x1d C:/ST/STM32CubeIDE_1.17.0/STM32CubeIDE/plugins/com.st.stm32cube.ide.mcu.externaltools.gnu-tools-for-stm32.12.3.rel1.win32_1.1.0.202410251130/tools/bin/../lib/gcc/arm-none-eabi/12.3.1/thumb/v7-m/nofp\libgcc.a(_arm_addsubsf3.o)
 .ARM.attributes
                0x0000068c       0x1d C:/ST/STM32CubeIDE_1.17.0/STM32CubeIDE/plugins/com.st.stm32cube.ide.mcu.externaltools.gnu-tools-for-stm32.12.3.rel1.win32_1.1.0.202410251130/tools/bin/../lib/gcc/arm-none-eabi/12.3.1/thumb/v7-m/nofp\libgcc.a(_arm_muldivsf3.o)
 .ARM.attributes
                0x000006a9       0x1d C:/ST/STM32CubeIDE_1.17.0/STM32CubeIDE/plugins/com.st.stm32cube.ide.mcu.externaltools.gnu-tools-for-stm32.12.3.rel1.win32_1.1.0.202410251130/tools/bin/../lib/gcc/arm-none-eabi/12.3.1/thumb/v7-m/nofp\libgcc.a(_arm_cmpsf2.o)
 .ARM.attributes
                0x000006c6       0x1d C:/ST/STM32CubeIDE_1.17.0/STM32CubeIDE/plugins/com.st.stm32cube.ide.mcu.externaltools.gnu-tools-for-stm32.12.3.rel1.win32_1.1.0.202410251130/tools/bin/../lib/gcc/arm-none-eabi/12.3.1/thumb/v7-m/nofp\libgcc.a(_arm_unordsf2.o)
 .ARM.attributes
                0x000006e3       0x1d C:/ST/STM32CubeIDE_1.17.0/STM32CubeIDE/plugins/com.st.stm32cube.ide.mcu.externaltools.gnu-tools-for-stm32.12.3.rel1.win32_1.1.0.202410251130/tools/bin/../lib/gcc/arm-none-eabi/12.3.1/thumb/v7-m/nofp\libgcc.a(_arm_fixsfsi.o)
 .ARM.attributes
                0x00000700       0x1d C:/ST/STM32CubeIDE_1.17.0/STM32CubeIDE/plugins/com.st.stm32cube.ide.mcu.externaltools.gnu-tools-for-stm32.12.3.rel1.win32_1.1.0.202410251130/tools/bin/../lib/gcc/arm-none-eabi/12.3.1/thumb/v7-m/nofp\libgcc.a(_arm_fixunssfsi.o)
 .ARM.attributes
                0x0000071d       0x1d C:/ST/STM32CubeIDE_1.17.0/STM32CubeIDE/plugins/com.st.stm32cube.ide.mcu.externaltools.gnu-tools-for-stm32.12.3.rel1.win32_1.1.0.202410251130/tools/bin/../lib/gcc/arm-none-eabi/12.3.1/thumb/v7-m/nofp/crtn.o
OUTPUT(EINK_NEW_V5.elf elf32-littlearm)
LOAD linker stubs
LOAD C:/ST/STM32CubeIDE_1.17.0/STM32CubeIDE/plugins/com.st.stm32cube.ide.mcu.externaltools.gnu-tools-for-stm32.12.3.rel1.win32_1.1.0.202410251130/tools/bin/../lib/gcc/arm-none-eabi/12.3.1/../../../../arm-none-eabi/lib/thumb/v7-m/nofp\libc.a
LOAD C:/ST/STM32CubeIDE_1.17.0/STM32CubeIDE/plugins/com.st.stm32cube.ide.mcu.externaltools.gnu-tools-for-stm32.12.3.rel1.win32_1.1.0.202410251130/tools/bin/../lib/gcc/arm-none-eabi/12.3.1/../../../../arm-none-eabi/lib/thumb/v7-m/nofp\libm.a
LOAD C:/ST/STM32CubeIDE_1.17.0/STM32CubeIDE/plugins/com.st.stm32cube.ide.mcu.externaltools.gnu-tools-for-stm32.12.3.rel1.win32_1.1.0.202410251130/tools/bin/../lib/gcc/arm-none-eabi/12.3.1/thumb/v7-m/nofp\libgcc.a

.debug_info     0x00000000    0x148f4
 .debug_info    0x00000000      0x704 ./Drivers/STM32F1xx_HAL_Driver/Src/stm32f1xx_hal.o
 .debug_info    0x00000704      0xa87 ./Drivers/STM32F1xx_HAL_Driver/Src/stm32f1xx_hal_cortex.o
 .debug_info    0x0000118b      0x6d2 ./Drivers/STM32F1xx_HAL_Driver/Src/stm32f1xx_hal_dma.o
 .debug_info    0x0000185d      0x5ab ./Drivers/STM32F1xx_HAL_Driver/Src/stm32f1xx_hal_gpio.o
 .debug_info    0x00001e08     0x2524 ./Drivers/STM32F1xx_HAL_Driver/Src/stm32f1xx_hal_i2c.o
 .debug_info    0x0000432c      0x7d5 ./Drivers/STM32F1xx_HAL_Driver/Src/stm32f1xx_hal_rcc.o
 .debug_info    0x00004b01     0x142d ./Drivers/STM32F1xx_HAL_Driver/Src/stm32f1xx_hal_spi.o
 .debug_info    0x00005f2e     0x2959 ./Drivers/STM32F1xx_HAL_Driver/Src/stm32f1xx_hal_tim.o
 .debug_info    0x00008887     0x149b ./Drivers/STM32F1xx_HAL_Driver/Src/stm32f1xx_hal_tim_ex.o
 .debug_info    0x00009d22     0x2eed ./Drivers/STM32F1xx_HAL_Driver/Src/stm32f1xx_hal_uart.o
 .debug_info    0x0000cc0f     0x16a7 ./Src/epaper.o
 .debug_info    0x0000e2b6      0xd55 ./Src/general_func.o
 .debug_info    0x0000f00b      0x1c5 ./Src/kalman.o
 .debug_info    0x0000f1d0     0x1d62 ./Src/main.o
 .debug_info    0x00010f32      0xb7d ./Src/spl06.o
 .debug_info    0x00011aaf     0x1330 ./Src/stm32f1xx_hal_msp.o
 .debug_info    0x00012ddf      0x461 ./Src/stm32f1xx_it.o
 .debug_info    0x00013240      0x222 ./Src/system_stm32f1xx.o
 .debug_info    0x00013462     0x1462 ./Src/vector_fonts.o
 .debug_info    0x000148c4       0x30 ./Startup/startup_stm32f103c8tx.o

.debug_abbrev   0x00000000     0x2dfa
 .debug_abbrev  0x00000000      0x201 ./Drivers/STM32F1xx_HAL_Driver/Src/stm32f1xx_hal.o
 .debug_abbrev  0x00000201      0x2f8 ./Drivers/STM32F1xx_HAL_Driver/Src/stm32f1xx_hal_cortex.o
 .debug_abbrev  0x000004f9      0x20b ./Drivers/STM32F1xx_HAL_Driver/Src/stm32f1xx_hal_dma.o
 .debug_abbrev  0x00000704      0x1ca ./Drivers/STM32F1xx_HAL_Driver/Src/stm32f1xx_hal_gpio.o
 .debug_abbrev  0x000008ce      0x2a3 ./Drivers/STM32F1xx_HAL_Driver/Src/stm32f1xx_hal_i2c.o
 .debug_abbrev  0x00000b71      0x2b3 ./Drivers/STM32F1xx_HAL_Driver/Src/stm32f1xx_hal_rcc.o
 .debug_abbrev  0x00000e24      0x27a ./Drivers/STM32F1xx_HAL_Driver/Src/stm32f1xx_hal_spi.o
 .debug_abbrev  0x0000109e      0x277 ./Drivers/STM32F1xx_HAL_Driver/Src/stm32f1xx_hal_tim.o
 .debug_abbrev  0x00001315      0x282 ./Drivers/STM32F1xx_HAL_Driver/Src/stm32f1xx_hal_tim_ex.o
 .debug_abbrev  0x00001597      0x2f8 ./Drivers/STM32F1xx_HAL_Driver/Src/stm32f1xx_hal_uart.o
 .debug_abbrev  0x0000188f      0x3f2 ./Src/epaper.o
 .debug_abbrev  0x00001c81      0x2d2 ./Src/general_func.o
 .debug_abbrev  0x00001f53       0xbe ./Src/kalman.o
 .debug_abbrev  0x00002011      0x47b ./Src/main.o
 .debug_abbrev  0x0000248c      0x21c ./Src/spl06.o
 .debug_abbrev  0x000026a8      0x287 ./Src/stm32f1xx_hal_msp.o
 .debug_abbrev  0x0000292f      0x1df ./Src/stm32f1xx_it.o
 .debug_abbrev  0x00002b0e      0x13f ./Src/system_stm32f1xx.o
 .debug_abbrev  0x00002c4d      0x189 ./Src/vector_fonts.o
 .debug_abbrev  0x00002dd6       0x24 ./Startup/startup_stm32f103c8tx.o

.debug_aranges  0x00000000     0x1478
 .debug_aranges
                0x00000000       0xe0 ./Drivers/STM32F1xx_HAL_Driver/Src/stm32f1xx_hal.o
 .debug_aranges
                0x000000e0      0x100 ./Drivers/STM32F1xx_HAL_Driver/Src/stm32f1xx_hal_cortex.o
 .debug_aranges
                0x000001e0       0x80 ./Drivers/STM32F1xx_HAL_Driver/Src/stm32f1xx_hal_dma.o
 .debug_aranges
                0x00000260       0x58 ./Drivers/STM32F1xx_HAL_Driver/Src/stm32f1xx_hal_gpio.o
 .debug_aranges
                0x000002b8      0x2a8 ./Drivers/STM32F1xx_HAL_Driver/Src/stm32f1xx_hal_i2c.o
 .debug_aranges
                0x00000560       0x90 ./Drivers/STM32F1xx_HAL_Driver/Src/stm32f1xx_hal_rcc.o
 .debug_aranges
                0x000005f0      0x1d0 ./Drivers/STM32F1xx_HAL_Driver/Src/stm32f1xx_hal_spi.o
 .debug_aranges
                0x000007c0      0x3d0 ./Drivers/STM32F1xx_HAL_Driver/Src/stm32f1xx_hal_tim.o
 .debug_aranges
                0x00000b90      0x168 ./Drivers/STM32F1xx_HAL_Driver/Src/stm32f1xx_hal_tim_ex.o
 .debug_aranges
                0x00000cf8      0x208 ./Drivers/STM32F1xx_HAL_Driver/Src/stm32f1xx_hal_uart.o
 .debug_aranges
                0x00000f00      0x188 ./Src/epaper.o
 .debug_aranges
                0x00001088       0x60 ./Src/general_func.o
 .debug_aranges
                0x000010e8       0x38 ./Src/kalman.o
 .debug_aranges
                0x00001120       0x88 ./Src/main.o
 .debug_aranges
                0x000011a8       0x50 ./Src/spl06.o
 .debug_aranges
                0x000011f8       0x68 ./Src/stm32f1xx_hal_msp.o
 .debug_aranges
                0x00001260       0x70 ./Src/stm32f1xx_it.o
 .debug_aranges
                0x000012d0       0x28 ./Src/system_stm32f1xx.o
 .debug_aranges
                0x000012f8      0x158 ./Src/vector_fonts.o
 .debug_aranges
                0x00001450       0x28 ./Startup/startup_stm32f103c8tx.o

.debug_rnglists
                0x00000000     0x104e
 .debug_rnglists
                0x00000000       0xa3 ./Drivers/STM32F1xx_HAL_Driver/Src/stm32f1xx_hal.o
 .debug_rnglists
                0x000000a3       0xbb ./Drivers/STM32F1xx_HAL_Driver/Src/stm32f1xx_hal_cortex.o
 .debug_rnglists
                0x0000015e       0x64 ./Drivers/STM32F1xx_HAL_Driver/Src/stm32f1xx_hal_dma.o
 .debug_rnglists
                0x000001c2       0x3f ./Drivers/STM32F1xx_HAL_Driver/Src/stm32f1xx_hal_gpio.o
 .debug_rnglists
                0x00000201      0x23c ./Drivers/STM32F1xx_HAL_Driver/Src/stm32f1xx_hal_i2c.o
 .debug_rnglists
                0x0000043d       0x6c ./Drivers/STM32F1xx_HAL_Driver/Src/stm32f1xx_hal_rcc.o
 .debug_rnglists
                0x000004a9      0x16e ./Drivers/STM32F1xx_HAL_Driver/Src/stm32f1xx_hal_spi.o
 .debug_rnglists
                0x00000617      0x31a ./Drivers/STM32F1xx_HAL_Driver/Src/stm32f1xx_hal_tim.o
 .debug_rnglists
                0x00000931      0x125 ./Drivers/STM32F1xx_HAL_Driver/Src/stm32f1xx_hal_tim_ex.o
 .debug_rnglists
                0x00000a56      0x1bc ./Drivers/STM32F1xx_HAL_Driver/Src/stm32f1xx_hal_uart.o
 .debug_rnglists
                0x00000c12      0x13a ./Src/epaper.o
 .debug_rnglists
                0x00000d4c       0x57 ./Src/general_func.o
 .debug_rnglists
                0x00000da3       0x26 ./Src/kalman.o
 .debug_rnglists
                0x00000dc9       0x65 ./Src/main.o
 .debug_rnglists
                0x00000e2e       0x3b ./Src/spl06.o
 .debug_rnglists
                0x00000e69       0x4b ./Src/stm32f1xx_hal_msp.o
 .debug_rnglists
                0x00000eb4       0x4f ./Src/stm32f1xx_it.o
 .debug_rnglists
                0x00000f03       0x1a ./Src/system_stm32f1xx.o
 .debug_rnglists
                0x00000f1d      0x118 ./Src/vector_fonts.o
 .debug_rnglists
                0x00001035       0x19 ./Startup/startup_stm32f103c8tx.o

.debug_macro    0x00000000    0x17f23
 .debug_macro   0x00000000      0x1db ./Drivers/STM32F1xx_HAL_Driver/Src/stm32f1xx_hal.o
 .debug_macro   0x000001db      0xaa8 ./Drivers/STM32F1xx_HAL_Driver/Src/stm32f1xx_hal.o
 .debug_macro   0x00000c83      0x22d ./Drivers/STM32F1xx_HAL_Driver/Src/stm32f1xx_hal.o
 .debug_macro   0x00000eb0       0x2e ./Drivers/STM32F1xx_HAL_Driver/Src/stm32f1xx_hal.o
 .debug_macro   0x00000ede       0x22 ./Drivers/STM32F1xx_HAL_Driver/Src/stm32f1xx_hal.o
 .debug_macro   0x00000f00       0x22 ./Drivers/STM32F1xx_HAL_Driver/Src/stm32f1xx_hal.o
 .debug_macro   0x00000f22       0x8e ./Drivers/STM32F1xx_HAL_Driver/Src/stm32f1xx_hal.o
 .debug_macro   0x00000fb0       0x51 ./Drivers/STM32F1xx_HAL_Driver/Src/stm32f1xx_hal.o
 .debug_macro   0x00001001      0x103 ./Drivers/STM32F1xx_HAL_Driver/Src/stm32f1xx_hal.o
 .debug_macro   0x00001104       0x6a ./Drivers/STM32F1xx_HAL_Driver/Src/stm32f1xx_hal.o
 .debug_macro   0x0000116e      0x1df ./Drivers/STM32F1xx_HAL_Driver/Src/stm32f1xx_hal.o
 .debug_macro   0x0000134d       0x1c ./Drivers/STM32F1xx_HAL_Driver/Src/stm32f1xx_hal.o
 .debug_macro   0x00001369       0x22 ./Drivers/STM32F1xx_HAL_Driver/Src/stm32f1xx_hal.o
 .debug_macro   0x0000138b       0xbd ./Drivers/STM32F1xx_HAL_Driver/Src/stm32f1xx_hal.o
 .debug_macro   0x00001448      0xd23 ./Drivers/STM32F1xx_HAL_Driver/Src/stm32f1xx_hal.o
 .debug_macro   0x0000216b     0xe09e ./Drivers/STM32F1xx_HAL_Driver/Src/stm32f1xx_hal.o
 .debug_macro   0x00010209       0x6d ./Drivers/STM32F1xx_HAL_Driver/Src/stm32f1xx_hal.o
 .debug_macro   0x00010276     0x34a2 ./Drivers/STM32F1xx_HAL_Driver/Src/stm32f1xx_hal.o
 .debug_macro   0x00013718      0x189 ./Drivers/STM32F1xx_HAL_Driver/Src/stm32f1xx_hal.o
 .debug_macro   0x000138a1       0x5c ./Drivers/STM32F1xx_HAL_Driver/Src/stm32f1xx_hal.o
 .debug_macro   0x000138fd      0x5bc ./Drivers/STM32F1xx_HAL_Driver/Src/stm32f1xx_hal.o
 .debug_macro   0x00013eb9      0x289 ./Drivers/STM32F1xx_HAL_Driver/Src/stm32f1xx_hal.o
 .debug_macro   0x00014142      0x1cb ./Drivers/STM32F1xx_HAL_Driver/Src/stm32f1xx_hal.o
 .debug_macro   0x0001430d      0x114 ./Drivers/STM32F1xx_HAL_Driver/Src/stm32f1xx_hal.o
 .debug_macro   0x00014421      0x1b2 ./Drivers/STM32F1xx_HAL_Driver/Src/stm32f1xx_hal.o
 .debug_macro   0x000145d3       0x27 ./Drivers/STM32F1xx_HAL_Driver/Src/stm32f1xx_hal.o
 .debug_macro   0x000145fa      0x136 ./Drivers/STM32F1xx_HAL_Driver/Src/stm32f1xx_hal.o
 .debug_macro   0x00014730      0x1bc ./Drivers/STM32F1xx_HAL_Driver/Src/stm32f1xx_hal.o
 .debug_macro   0x000148ec       0x34 ./Drivers/STM32F1xx_HAL_Driver/Src/stm32f1xx_hal.o
 .debug_macro   0x00014920       0x3c ./Drivers/STM32F1xx_HAL_Driver/Src/stm32f1xx_hal.o
 .debug_macro   0x0001495c       0x57 ./Drivers/STM32F1xx_HAL_Driver/Src/stm32f1xx_hal.o
 .debug_macro   0x000149b3       0x87 ./Drivers/STM32F1xx_HAL_Driver/Src/stm32f1xx_hal.o
 .debug_macro   0x00014a3a      0x240 ./Drivers/STM32F1xx_HAL_Driver/Src/stm32f1xx_hal.o
 .debug_macro   0x00014c7a      0x287 ./Drivers/STM32F1xx_HAL_Driver/Src/stm32f1xx_hal.o
 .debug_macro   0x00014f01      0x140 ./Drivers/STM32F1xx_HAL_Driver/Src/stm32f1xx_hal.o
 .debug_macro   0x00015041      0x217 ./Drivers/STM32F1xx_HAL_Driver/Src/stm32f1xx_hal.o
 .debug_macro   0x00015258      0x8ed ./Drivers/STM32F1xx_HAL_Driver/Src/stm32f1xx_hal.o
 .debug_macro   0x00015b45      0x28e ./Drivers/STM32F1xx_HAL_Driver/Src/stm32f1xx_hal.o
 .debug_macro   0x00015dd3       0x83 ./Drivers/STM32F1xx_HAL_Driver/Src/stm32f1xx_hal.o
 .debug_macro   0x00015e56      0x1b7 ./Drivers/STM32F1xx_HAL_Driver/Src/stm32f1xx_hal_cortex.o
 .debug_macro   0x0001600d      0x1b7 ./Drivers/STM32F1xx_HAL_Driver/Src/stm32f1xx_hal_dma.o
 .debug_macro   0x000161c4      0x222 ./Drivers/STM32F1xx_HAL_Driver/Src/stm32f1xx_hal_gpio.o
 .debug_macro   0x000163e6      0x205 ./Drivers/STM32F1xx_HAL_Driver/Src/stm32f1xx_hal_i2c.o
 .debug_macro   0x000165eb      0x1c9 ./Drivers/STM32F1xx_HAL_Driver/Src/stm32f1xx_hal_rcc.o
 .debug_macro   0x000167b4      0x1bf ./Drivers/STM32F1xx_HAL_Driver/Src/stm32f1xx_hal_spi.o
 .debug_macro   0x00016973      0x1b8 ./Drivers/STM32F1xx_HAL_Driver/Src/stm32f1xx_hal_tim.o
 .debug_macro   0x00016b2b      0x1b7 ./Drivers/STM32F1xx_HAL_Driver/Src/stm32f1xx_hal_tim_ex.o
 .debug_macro   0x00016ce2      0x1b8 ./Drivers/STM32F1xx_HAL_Driver/Src/stm32f1xx_hal_uart.o
 .debug_macro   0x00016e9a      0x1f5 ./Src/epaper.o
 .debug_macro   0x0001708f       0x76 ./Src/epaper.o
 .debug_macro   0x00017105       0x16 ./Src/epaper.o
 .debug_macro   0x0001711b       0x16 ./Src/epaper.o
 .debug_macro   0x00017131       0x5e ./Src/epaper.o
 .debug_macro   0x0001718f      0x1ef ./Src/general_func.o
 .debug_macro   0x0001737e       0x1b ./Src/kalman.o
 .debug_macro   0x00017399      0x1ef ./Src/main.o
 .debug_macro   0x00017588      0x1ef ./Src/spl06.o
 .debug_macro   0x00017777      0x1ef ./Src/stm32f1xx_hal_msp.o
 .debug_macro   0x00017966      0x1f9 ./Src/stm32f1xx_it.o
 .debug_macro   0x00017b5f      0x1b7 ./Src/system_stm32f1xx.o
 .debug_macro   0x00017d16      0x1fd ./Src/vector_fonts.o
 .debug_macro   0x00017f13       0x10 ./Src/vector_fonts.o

.debug_line     0x00000000    0x166c7
 .debug_line    0x00000000      0x9d1 ./Drivers/STM32F1xx_HAL_Driver/Src/stm32f1xx_hal.o
 .debug_line    0x000009d1      0xbbd ./Drivers/STM32F1xx_HAL_Driver/Src/stm32f1xx_hal_cortex.o
 .debug_line    0x0000158e      0xe2a ./Drivers/STM32F1xx_HAL_Driver/Src/stm32f1xx_hal_dma.o
 .debug_line    0x000023b8      0xa6a ./Drivers/STM32F1xx_HAL_Driver/Src/stm32f1xx_hal_gpio.o
 .debug_line    0x00002e22     0x3c6e ./Drivers/STM32F1xx_HAL_Driver/Src/stm32f1xx_hal_i2c.o
 .debug_line    0x00006a90      0xdda ./Drivers/STM32F1xx_HAL_Driver/Src/stm32f1xx_hal_rcc.o
 .debug_line    0x0000786a     0x1cf5 ./Drivers/STM32F1xx_HAL_Driver/Src/stm32f1xx_hal_spi.o
 .debug_line    0x0000955f     0x34f6 ./Drivers/STM32F1xx_HAL_Driver/Src/stm32f1xx_hal_tim.o
 .debug_line    0x0000ca55     0x1920 ./Drivers/STM32F1xx_HAL_Driver/Src/stm32f1xx_hal_tim_ex.o
 .debug_line    0x0000e375     0x28b0 ./Drivers/STM32F1xx_HAL_Driver/Src/stm32f1xx_hal_uart.o
 .debug_line    0x00010c25     0x1288 ./Src/epaper.o
 .debug_line    0x00011ead      0xad6 ./Src/general_func.o
 .debug_line    0x00012983      0x161 ./Src/kalman.o
 .debug_line    0x00012ae4      0xabb ./Src/main.o
 .debug_line    0x0001359f      0xa50 ./Src/spl06.o
 .debug_line    0x00013fef      0x8c3 ./Src/stm32f1xx_hal_msp.o
 .debug_line    0x000148b2      0x85a ./Src/stm32f1xx_it.o
 .debug_line    0x0001510c      0x79f ./Src/system_stm32f1xx.o
 .debug_line    0x000158ab      0xda4 ./Src/vector_fonts.o
 .debug_line    0x0001664f       0x78 ./Startup/startup_stm32f103c8tx.o

.debug_str      0x00000000    0x8bc13
 .debug_str     0x00000000    0x866e7 ./Drivers/STM32F1xx_HAL_Driver/Src/stm32f1xx_hal.o
                              0x86b72 (size before relaxing)
 .debug_str     0x000866e7      0x2cf ./Drivers/STM32F1xx_HAL_Driver/Src/stm32f1xx_hal_cortex.o
                              0x86abe (size before relaxing)
 .debug_str     0x000869b6      0x3d2 ./Drivers/STM32F1xx_HAL_Driver/Src/stm32f1xx_hal_dma.o
                              0x867e8 (size before relaxing)
 .debug_str     0x00086d88      0x39e ./Drivers/STM32F1xx_HAL_Driver/Src/stm32f1xx_hal_gpio.o
                              0x867c5 (size before relaxing)
 .debug_str     0x00087126      0xe18 ./Drivers/STM32F1xx_HAL_Driver/Src/stm32f1xx_hal_i2c.o
                              0x87506 (size before relaxing)
 .debug_str     0x00087f3e      0x35b ./Drivers/STM32F1xx_HAL_Driver/Src/stm32f1xx_hal_rcc.o
                              0x8686e (size before relaxing)
 .debug_str     0x00088299      0x6ff ./Drivers/STM32F1xx_HAL_Driver/Src/stm32f1xx_hal_spi.o
                              0x86d65 (size before relaxing)
 .debug_str     0x00088998     0x10f8 ./Drivers/STM32F1xx_HAL_Driver/Src/stm32f1xx_hal_tim.o
                              0x87870 (size before relaxing)
 .debug_str     0x00089a90      0x503 ./Drivers/STM32F1xx_HAL_Driver/Src/stm32f1xx_hal_tim_ex.o
                              0x8707c (size before relaxing)
 .debug_str     0x00089f93      0x7cc ./Drivers/STM32F1xx_HAL_Driver/Src/stm32f1xx_hal_uart.o
                              0x86edf (size before relaxing)
 .debug_str     0x0008a75f      0x8b2 ./Src/epaper.o
                              0x8713a (size before relaxing)
 .debug_str     0x0008b011      0x216 ./Src/general_func.o
                              0x86f4b (size before relaxing)
 .debug_str     0x0008b227       0x75 ./Src/kalman.o
                               0x2e79 (size before relaxing)
 .debug_str     0x0008b29c      0x2be ./Src/main.o
                              0x87d9b (size before relaxing)
 .debug_str     0x0008b55a      0x345 ./Src/spl06.o
                              0x86fc9 (size before relaxing)
 .debug_str     0x0008b89f       0x25 ./Src/stm32f1xx_hal_msp.o
                              0x873f3 (size before relaxing)
 .debug_str     0x0008b8c4       0xe6 ./Src/stm32f1xx_it.o
                              0x86a29 (size before relaxing)
 .debug_str     0x0008b9aa       0x4d ./Src/system_stm32f1xx.o
                              0x8643a (size before relaxing)
 .debug_str     0x0008b9f7      0x1dd ./Src/vector_fonts.o
                              0x86972 (size before relaxing)
 .debug_str     0x0008bbd4       0x3f ./Startup/startup_stm32f103c8tx.o
                                 0x76 (size before relaxing)

.comment        0x00000000       0x43
 .comment       0x00000000       0x43 ./Drivers/STM32F1xx_HAL_Driver/Src/stm32f1xx_hal.o
                                 0x44 (size before relaxing)
 .comment       0x00000043       0x44 ./Drivers/STM32F1xx_HAL_Driver/Src/stm32f1xx_hal_cortex.o
 .comment       0x00000043       0x44 ./Drivers/STM32F1xx_HAL_Driver/Src/stm32f1xx_hal_dma.o
 .comment       0x00000043       0x44 ./Drivers/STM32F1xx_HAL_Driver/Src/stm32f1xx_hal_gpio.o
 .comment       0x00000043       0x44 ./Drivers/STM32F1xx_HAL_Driver/Src/stm32f1xx_hal_i2c.o
 .comment       0x00000043       0x44 ./Drivers/STM32F1xx_HAL_Driver/Src/stm32f1xx_hal_rcc.o
 .comment       0x00000043       0x44 ./Drivers/STM32F1xx_HAL_Driver/Src/stm32f1xx_hal_spi.o
 .comment       0x00000043       0x44 ./Drivers/STM32F1xx_HAL_Driver/Src/stm32f1xx_hal_tim.o
 .comment       0x00000043       0x44 ./Drivers/STM32F1xx_HAL_Driver/Src/stm32f1xx_hal_tim_ex.o
 .comment       0x00000043       0x44 ./Drivers/STM32F1xx_HAL_Driver/Src/stm32f1xx_hal_uart.o
 .comment       0x00000043       0x44 ./Src/epaper.o
 .comment       0x00000043       0x44 ./Src/general_func.o
 .comment       0x00000043       0x44 ./Src/kalman.o
 .comment       0x00000043       0x44 ./Src/main.o
 .comment       0x00000043       0x44 ./Src/spl06.o
 .comment       0x00000043       0x44 ./Src/stm32f1xx_hal_msp.o
 .comment       0x00000043       0x44 ./Src/stm32f1xx_it.o
 .comment       0x00000043       0x44 ./Src/system_stm32f1xx.o
 .comment       0x00000043       0x44 ./Src/vector_fonts.o

.debug_frame    0x00000000     0x5e5c
 .debug_frame   0x00000000      0x334 ./Drivers/STM32F1xx_HAL_Driver/Src/stm32f1xx_hal.o
 .debug_frame   0x00000334      0x428 ./Drivers/STM32F1xx_HAL_Driver/Src/stm32f1xx_hal_cortex.o
 .debug_frame   0x0000075c      0x208 ./Drivers/STM32F1xx_HAL_Driver/Src/stm32f1xx_hal_dma.o
 .debug_frame   0x00000964      0x14c ./Drivers/STM32F1xx_HAL_Driver/Src/stm32f1xx_hal_gpio.o
 .debug_frame   0x00000ab0      0xc84 ./Drivers/STM32F1xx_HAL_Driver/Src/stm32f1xx_hal_i2c.o
 .debug_frame   0x00001734      0x218 ./Drivers/STM32F1xx_HAL_Driver/Src/stm32f1xx_hal_rcc.o
 .debug_frame   0x0000194c      0x824 ./Drivers/STM32F1xx_HAL_Driver/Src/stm32f1xx_hal_spi.o
 .debug_frame   0x00002170     0x11b8 ./Drivers/STM32F1xx_HAL_Driver/Src/stm32f1xx_hal_tim.o
 .debug_frame   0x00003328      0x638 ./Drivers/STM32F1xx_HAL_Driver/Src/stm32f1xx_hal_tim_ex.o
 .debug_frame   0x00003960      0x944 ./Drivers/STM32F1xx_HAL_Driver/Src/stm32f1xx_hal_uart.o
 .debug_frame   0x000042a4      0x650 ./Src/epaper.o
 .debug_frame   0x000048f4      0x160 ./Src/general_func.o
 .debug_frame   0x00004a54       0xb4 ./Src/kalman.o
 .debug_frame   0x00004b08      0x1e0 ./Src/main.o
 .debug_frame   0x00004ce8      0x120 ./Src/spl06.o
 .debug_frame   0x00004e08      0x184 ./Src/stm32f1xx_hal_msp.o
 .debug_frame   0x00004f8c      0x13c ./Src/stm32f1xx_it.o
 .debug_frame   0x000050c8       0x58 ./Src/system_stm32f1xx.o
 .debug_frame   0x00005120      0x678 ./Src/vector_fonts.o
 .debug_frame   0x00005798      0x144 C:/ST/STM32CubeIDE_1.17.0/STM32CubeIDE/plugins/com.st.stm32cube.ide.mcu.externaltools.gnu-tools-for-stm32.12.3.rel1.win32_1.1.0.202410251130/tools/bin/../lib/gcc/arm-none-eabi/12.3.1/../../../../arm-none-eabi/lib/thumb/v7-m/nofp\libc_nano.a(libc_a-findfp.o)
 .debug_frame   0x000058dc       0x20 C:/ST/STM32CubeIDE_1.17.0/STM32CubeIDE/plugins/com.st.stm32cube.ide.mcu.externaltools.gnu-tools-for-stm32.12.3.rel1.win32_1.1.0.202410251130/tools/bin/../lib/gcc/arm-none-eabi/12.3.1/../../../../arm-none-eabi/lib/thumb/v7-m/nofp\libc_nano.a(libc_a-memset.o)
 .debug_frame   0x000058fc       0x20 C:/ST/STM32CubeIDE_1.17.0/STM32CubeIDE/plugins/com.st.stm32cube.ide.mcu.externaltools.gnu-tools-for-stm32.12.3.rel1.win32_1.1.0.202410251130/tools/bin/../lib/gcc/arm-none-eabi/12.3.1/../../../../arm-none-eabi/lib/thumb/v7-m/nofp\libc_nano.a(libc_a-errno.o)
 .debug_frame   0x0000591c       0x2c C:/ST/STM32CubeIDE_1.17.0/STM32CubeIDE/plugins/com.st.stm32cube.ide.mcu.externaltools.gnu-tools-for-stm32.12.3.rel1.win32_1.1.0.202410251130/tools/bin/../lib/gcc/arm-none-eabi/12.3.1/../../../../arm-none-eabi/lib/thumb/v7-m/nofp\libc_nano.a(libc_a-init.o)
 .debug_frame   0x00005948       0x2c C:/ST/STM32CubeIDE_1.17.0/STM32CubeIDE/plugins/com.st.stm32cube.ide.mcu.externaltools.gnu-tools-for-stm32.12.3.rel1.win32_1.1.0.202410251130/tools/bin/../lib/gcc/arm-none-eabi/12.3.1/../../../../arm-none-eabi/lib/thumb/v7-m/nofp\libm.a(libm_a-wf_pow.o)
 .debug_frame   0x00005974       0x20 C:/ST/STM32CubeIDE_1.17.0/STM32CubeIDE/plugins/com.st.stm32cube.ide.mcu.externaltools.gnu-tools-for-stm32.12.3.rel1.win32_1.1.0.202410251130/tools/bin/../lib/gcc/arm-none-eabi/12.3.1/../../../../arm-none-eabi/lib/thumb/v7-m/nofp\libm.a(libm_a-sf_finite.o)
 .debug_frame   0x00005994       0x78 C:/ST/STM32CubeIDE_1.17.0/STM32CubeIDE/plugins/com.st.stm32cube.ide.mcu.externaltools.gnu-tools-for-stm32.12.3.rel1.win32_1.1.0.202410251130/tools/bin/../lib/gcc/arm-none-eabi/12.3.1/../../../../arm-none-eabi/lib/thumb/v7-m/nofp\libm.a(libm_a-ef_pow.o)
 .debug_frame   0x00005a0c       0x20 C:/ST/STM32CubeIDE_1.17.0/STM32CubeIDE/plugins/com.st.stm32cube.ide.mcu.externaltools.gnu-tools-for-stm32.12.3.rel1.win32_1.1.0.202410251130/tools/bin/../lib/gcc/arm-none-eabi/12.3.1/../../../../arm-none-eabi/lib/thumb/v7-m/nofp\libm.a(libm_a-sf_fabs.o)
 .debug_frame   0x00005a2c       0x2c C:/ST/STM32CubeIDE_1.17.0/STM32CubeIDE/plugins/com.st.stm32cube.ide.mcu.externaltools.gnu-tools-for-stm32.12.3.rel1.win32_1.1.0.202410251130/tools/bin/../lib/gcc/arm-none-eabi/12.3.1/../../../../arm-none-eabi/lib/thumb/v7-m/nofp\libm.a(libm_a-sf_scalbn.o)
 .debug_frame   0x00005a58       0xb4 C:/ST/STM32CubeIDE_1.17.0/STM32CubeIDE/plugins/com.st.stm32cube.ide.mcu.externaltools.gnu-tools-for-stm32.12.3.rel1.win32_1.1.0.202410251130/tools/bin/../lib/gcc/arm-none-eabi/12.3.1/../../../../arm-none-eabi/lib/thumb/v7-m/nofp\libm.a(libm_a-math_errf.o)