../Src/vector_fonts.c:13:6:vector_A	56	static
../Src/vector_fonts.c:27:6:vector_B	56	static
../Src/vector_fonts.c:43:6:vector_C	32	static
../Src/vector_fonts.c:51:6:vector_D	40	static
../Src/vector_fonts.c:62:6:vector_E	40	static
../Src/vector_fonts.c:78:6:vector_F	40	static
../Src/vector_fonts.c:91:6:vector_G	64	static
../Src/vector_fonts.c:104:6:vector_H	40	static
../Src/vector_fonts.c:117:6:vector_I	40	static
../Src/vector_fonts.c:130:6:vector_J	48	static
../Src/vector_fonts.c:141:6:vector_K	40	static
../Src/vector_fonts.c:154:6:vector_L	32	static
../Src/vector_fonts.c:164:6:vector_M	48	static
../Src/vector_fonts.c:180:6:vector_N	40	static
../Src/vector_fonts.c:193:6:vector_O	24	static
../Src/vector_fonts.c:202:6:vector_P	40	static
../Src/vector_fonts.c:213:6:vector_Q	48	static
../Src/vector_fonts.c:224:6:vector_R	48	static
../Src/vector_fonts.c:238:6:vector_S	48	static
../Src/vector_fonts.c:249:6:vector_T	32	static
../Src/vector_fonts.c:259:6:vector_U	56	static
../Src/vector_fonts.c:273:6:vector_V	40	static
../Src/vector_fonts.c:283:6:vector_W	56	static
../Src/vector_fonts.c:299:6:vector_X	40	static
../Src/vector_fonts.c:309:6:vector_Y	48	static
../Src/vector_fonts.c:323:6:vector_Z	40	static
../Src/vector_fonts.c:336:6:vector_0	4	static
../Src/vector_fonts.c:345:6:vector_1	40	static
../Src/vector_fonts.c:354:6:vector_2	72	static
../Src/vector_fonts.c:370:6:vector_3	64	static
../Src/vector_fonts.c:385:6:vector_4	40	static
../Src/vector_fonts.c:397:6:vector_5	64	static
../Src/vector_fonts.c:417:6:vector_6	48	static
../Src/vector_fonts.c:428:6:vector_7	40	static
../Src/vector_fonts.c:437:6:vector_8	48	static
../Src/vector_fonts.c:449:6:vector_9	56	static
../Src/vector_fonts.c:460:6:vector_point	32	static
../Src/vector_fonts.c:463:6:vector_minus	16	static
../Src/vector_fonts.c:467:6:vector_plus	48	static
../Src/vector_fonts.c:473:6:epd_paint_showChar_vector	48	static
