../Drivers/CMSIS/Include/core_cm3.h:1876:26:ITM_SendChar	16	static,ignoring_inline_asm
../Src/main.c:71:5:_write	32	static
../Src/main.c:101:6:init_30ms_callback	16	static
../Src/main.c:105:6:my_30ms_function	8	static
../Src/main.c:113:5:main	16	static
../Src/main.c:202:6:SystemClock_Config	72	static
../Src/main.c:241:13:MX_I2C1_Init	8	static
../Src/main.c:275:13:MX_SPI1_Init	8	static
../Src/main.c:313:13:MX_TIM1_Init	96	static
../Src/main.c:388:13:MX_USART3_UART_Init	8	static
../Src/main.c:419:13:MX_DMA_Init	16	static
../Src/main.c:437:13:MX_GPIO_Init	32	static
../Src/main.c:491:6:HAL_GPIO_EXTI_Callback	16	static
../Src/main.c:505:6:Error_Handler	4	static,ignoring_inline_asm
